------------------------------------------------------------
Timing Analyzer Summary
------------------------------------------------------------

Type  : Slow 1100mV 85C Model Setup 'control_unit:inst63|state.T4'
Slack : -4.462
TNS   : -25.502

Type  : Slow 1100mV 85C Model Setup 'control_unit:inst63|state.T2'
Slack : -4.350
TNS   : -8.549

Type  : Slow 1100mV 85C Model Setup 'clock'
Slack : -3.323
TNS   : -225.225

Type  : Slow 1100mV 85C Model Hold 'clock'
Slack : -3.558
TNS   : -15.858

Type  : Slow 1100mV 85C Model Hold 'control_unit:inst63|state.T4'
Slack : 0.904
TNS   : 0.000

Type  : Slow 1100mV 85C Model Hold 'control_unit:inst63|state.T2'
Slack : 2.795
TNS   : 0.000

Type  : Slow 1100mV 85C Model Minimum Pulse Width 'clock'
Slack : -0.394
TNS   : -51.360

Type  : Slow 1100mV 85C Model Minimum Pulse Width 'control_unit:inst63|state.T4'
Slack : 0.377
TNS   : 0.000

Type  : Slow 1100mV 85C Model Minimum Pulse Width 'control_unit:inst63|state.T2'
Slack : 0.447
TNS   : 0.000

Type  : Slow 1100mV 85C Model Minimum Pulse Width 'control_unit:inst63|state.init'
Slack : 0.448
TNS   : 0.000

Type  : Slow 1100mV 0C Model Setup 'control_unit:inst63|state.T4'
Slack : -4.565
TNS   : -25.586

Type  : Slow 1100mV 0C Model Setup 'control_unit:inst63|state.T2'
Slack : -4.454
TNS   : -8.709

Type  : Slow 1100mV 0C Model Setup 'clock'
Slack : -2.947
TNS   : -203.464

Type  : Slow 1100mV 0C Model Hold 'clock'
Slack : -3.551
TNS   : -16.103

Type  : Slow 1100mV 0C Model Hold 'control_unit:inst63|state.T4'
Slack : 0.788
TNS   : 0.000

Type  : Slow 1100mV 0C Model Hold 'control_unit:inst63|state.T2'
Slack : 2.764
TNS   : 0.000

Type  : Slow 1100mV 0C Model Minimum Pulse Width 'clock'
Slack : -0.394
TNS   : -54.309

Type  : Slow 1100mV 0C Model Minimum Pulse Width 'control_unit:inst63|state.T4'
Slack : 0.354
TNS   : 0.000

Type  : Slow 1100mV 0C Model Minimum Pulse Width 'control_unit:inst63|state.init'
Slack : 0.436
TNS   : 0.000

Type  : Slow 1100mV 0C Model Minimum Pulse Width 'control_unit:inst63|state.T2'
Slack : 0.451
TNS   : 0.000

Type  : Fast 1100mV 85C Model Setup 'clock'
Slack : -2.249
TNS   : -139.805

Type  : Fast 1100mV 85C Model Setup 'control_unit:inst63|state.T4'
Slack : -1.957
TNS   : -12.057

Type  : Fast 1100mV 85C Model Setup 'control_unit:inst63|state.T2'
Slack : -1.868
TNS   : -3.666

Type  : Fast 1100mV 85C Model Hold 'clock'
Slack : -2.035
TNS   : -8.974

Type  : Fast 1100mV 85C Model Hold 'control_unit:inst63|state.T4'
Slack : 0.678
TNS   : 0.000

Type  : Fast 1100mV 85C Model Hold 'control_unit:inst63|state.T2'
Slack : 1.588
TNS   : 0.000

Type  : Fast 1100mV 85C Model Minimum Pulse Width 'clock'
Slack : -0.085
TNS   : -6.889

Type  : Fast 1100mV 85C Model Minimum Pulse Width 'control_unit:inst63|state.T4'
Slack : 0.360
TNS   : 0.000

Type  : Fast 1100mV 85C Model Minimum Pulse Width 'control_unit:inst63|state.T2'
Slack : 0.473
TNS   : 0.000

Type  : Fast 1100mV 85C Model Minimum Pulse Width 'control_unit:inst63|state.init'
Slack : 0.480
TNS   : 0.000

Type  : Fast 1100mV 0C Model Setup 'control_unit:inst63|state.T4'
Slack : -1.851
TNS   : -11.127

Type  : Fast 1100mV 0C Model Setup 'control_unit:inst63|state.T2'
Slack : -1.785
TNS   : -3.491

Type  : Fast 1100mV 0C Model Setup 'clock'
Slack : -1.674
TNS   : -102.653

Type  : Fast 1100mV 0C Model Hold 'clock'
Slack : -1.982
TNS   : -8.885

Type  : Fast 1100mV 0C Model Hold 'control_unit:inst63|state.T4'
Slack : 0.562
TNS   : 0.000

Type  : Fast 1100mV 0C Model Hold 'control_unit:inst63|state.T2'
Slack : 1.535
TNS   : 0.000

Type  : Fast 1100mV 0C Model Minimum Pulse Width 'clock'
Slack : -0.084
TNS   : -7.123

Type  : Fast 1100mV 0C Model Minimum Pulse Width 'control_unit:inst63|state.T4'
Slack : 0.370
TNS   : 0.000

Type  : Fast 1100mV 0C Model Minimum Pulse Width 'control_unit:inst63|state.init'
Slack : 0.477
TNS   : 0.000

Type  : Fast 1100mV 0C Model Minimum Pulse Width 'control_unit:inst63|state.T2'
Slack : 0.483
TNS   : 0.000

------------------------------------------------------------
