Archive member included to satisfy reference by file (symbol)

../nios_II_asp_bsp/\libhal_bsp.a(alt_load.o)
                              ../nios_II_asp_bsp//obj/HAL/src/crt0.o (alt_load)
../nios_II_asp_bsp/\libhal_bsp.a(alt_main.o)
                              ../nios_II_asp_bsp//obj/HAL/src/crt0.o (alt_main)
../nios_II_asp_bsp/\libhal_bsp.a(alt_sys_init.o)
                              ../nios_II_asp_bsp/\libhal_bsp.a(alt_main.o) (alt_irq_init)
../nios_II_asp_bsp/\libhal_bsp.a(altera_avalon_jtag_uart_fd.o)
                              ../nios_II_asp_bsp/\libhal_bsp.a(alt_sys_init.o) (altera_avalon_jtag_uart_read_fd)
../nios_II_asp_bsp/\libhal_bsp.a(altera_avalon_jtag_uart_read.o)
                              ../nios_II_asp_bsp/\libhal_bsp.a(altera_avalon_jtag_uart_fd.o) (altera_avalon_jtag_uart_read)
../nios_II_asp_bsp/\libhal_bsp.a(altera_avalon_jtag_uart_write.o)
                              ../nios_II_asp_bsp/\libhal_bsp.a(altera_avalon_jtag_uart_fd.o) (altera_avalon_jtag_uart_write)
../nios_II_asp_bsp/\libhal_bsp.a(altera_avalon_timer_sc.o)
                              ../nios_II_asp_bsp/\libhal_bsp.a(alt_sys_init.o) (alt_avalon_timer_sc_init)
../nios_II_asp_bsp/\libhal_bsp.a(alt_close.o)
                              ../nios_II_asp_bsp/\libhal_bsp.a(alt_main.o) (close)
../nios_II_asp_bsp/\libhal_bsp.a(alt_dcache_flush_all.o)
                              ../nios_II_asp_bsp/\libhal_bsp.a(alt_load.o) (alt_dcache_flush_all)
../nios_II_asp_bsp/\libhal_bsp.a(alt_dev.o)
                              ../nios_II_asp_bsp/\libhal_bsp.a(alt_sys_init.o) (alt_dev_list)
../nios_II_asp_bsp/\libhal_bsp.a(alt_dev_llist_insert.o)
                              ../nios_II_asp_bsp/\libhal_bsp.a(alt_sys_init.o) (alt_dev_llist_insert)
../nios_II_asp_bsp/\libhal_bsp.a(alt_do_ctors.o)
                              ../nios_II_asp_bsp/\libhal_bsp.a(alt_main.o) (_do_ctors)
../nios_II_asp_bsp/\libhal_bsp.a(alt_do_dtors.o)
                              ../nios_II_asp_bsp/\libhal_bsp.a(alt_main.o) (_do_dtors)
../nios_II_asp_bsp/\libhal_bsp.a(alt_errno.o)
                              ../nios_II_asp_bsp/\libhal_bsp.a(alt_close.o) (alt_errno)
../nios_II_asp_bsp/\libhal_bsp.a(alt_icache_flush_all.o)
                              ../nios_II_asp_bsp/\libhal_bsp.a(alt_load.o) (alt_icache_flush_all)
../nios_II_asp_bsp/\libhal_bsp.a(alt_iic.o)
                              ../nios_II_asp_bsp/\libhal_bsp.a(altera_avalon_timer_sc.o) (alt_ic_isr_register)
../nios_II_asp_bsp/\libhal_bsp.a(alt_iic_isr_register.o)
                              ../nios_II_asp_bsp/\libhal_bsp.a(alt_iic.o) (alt_iic_isr_register)
../nios_II_asp_bsp/\libhal_bsp.a(alt_io_redirect.o)
                              ../nios_II_asp_bsp/\libhal_bsp.a(alt_main.o) (alt_io_redirect)
../nios_II_asp_bsp/\libhal_bsp.a(alt_irq_entry.o)
                              ../nios_II_asp_bsp/\libhal_bsp.a(alt_iic_isr_register.o) (alt_irq_entry)
../nios_II_asp_bsp/\libhal_bsp.a(alt_irq_handler.o)
                              ../nios_II_asp_bsp/\libhal_bsp.a(alt_iic_isr_register.o) (alt_irq)
../nios_II_asp_bsp/\libhal_bsp.a(alt_irq_vars.o)
                              ../nios_II_asp_bsp/\libhal_bsp.a(alt_iic.o) (alt_irq_active)
../nios_II_asp_bsp/\libhal_bsp.a(alt_open.o)
                              ../nios_II_asp_bsp/\libhal_bsp.a(alt_io_redirect.o) (open)
../nios_II_asp_bsp/\libhal_bsp.a(alt_release_fd.o)
                              ../nios_II_asp_bsp/\libhal_bsp.a(alt_close.o) (alt_release_fd)
../nios_II_asp_bsp/\libhal_bsp.a(alt_tick.o)
                              ../nios_II_asp_bsp/\libhal_bsp.a(altera_avalon_timer_sc.o) (_alt_tick_rate)
../nios_II_asp_bsp/\libhal_bsp.a(altera_nios2_gen2_irq.o)
                              ../nios_II_asp_bsp/\libhal_bsp.a(alt_sys_init.o) (altera_nios2_gen2_irq_init)
../nios_II_asp_bsp/\libhal_bsp.a(alt_exception_entry.o)
                              ../nios_II_asp_bsp/\libhal_bsp.a(alt_irq_entry.o) (alt_exception)
../nios_II_asp_bsp/\libhal_bsp.a(alt_find_dev.o)
                              ../nios_II_asp_bsp/\libhal_bsp.a(alt_open.o) (alt_find_dev)
../nios_II_asp_bsp/\libhal_bsp.a(alt_find_file.o)
                              ../nios_II_asp_bsp/\libhal_bsp.a(alt_open.o) (alt_find_file)
../nios_II_asp_bsp/\libhal_bsp.a(alt_get_fd.o)
                              ../nios_II_asp_bsp/\libhal_bsp.a(alt_open.o) (alt_get_fd)
../nios_II_asp_bsp/\libhal_bsp.a(alt_icache_flush.o)
                              ../nios_II_asp_bsp/\libhal_bsp.a(alt_icache_flush_all.o) (alt_icache_flush)
../nios_II_asp_bsp/\libhal_bsp.a(alt_instruction_exception_entry.o)
                              ../nios_II_asp_bsp/\libhal_bsp.a(alt_exception_entry.o) (alt_instruction_exception_entry)
c:/intelfpga_lite/18.1/nios2eds/bin/gnu/h-x86_64-mingw32/bin/../lib/gcc/nios2-elf/5.3.0/../../../../../H-x86_64-mingw32/nios2-elf/lib\libsmallc.a(lib_a-atexit.o)
                              ../nios_II_asp_bsp/\libhal_bsp.a(alt_main.o) (atexit)
c:/intelfpga_lite/18.1/nios2eds/bin/gnu/h-x86_64-mingw32/bin/../lib/gcc/nios2-elf/5.3.0/../../../../../H-x86_64-mingw32/nios2-elf/lib\libsmallc.a(lib_a-exit.o)
                              ../nios_II_asp_bsp/\libhal_bsp.a(alt_main.o) (exit)
c:/intelfpga_lite/18.1/nios2eds/bin/gnu/h-x86_64-mingw32/bin/../lib/gcc/nios2-elf/5.3.0/../../../../../H-x86_64-mingw32/nios2-elf/lib\libsmallc.a(lib_a-int_errno.o)
                              ../nios_II_asp_bsp/\libhal_bsp.a(alt_close.o) (errno)
c:/intelfpga_lite/18.1/nios2eds/bin/gnu/h-x86_64-mingw32/bin/../lib/gcc/nios2-elf/5.3.0/../../../../../H-x86_64-mingw32/nios2-elf/lib\libsmallc.a(lib_a-memcmp.o)
                              ../nios_II_asp_bsp/\libhal_bsp.a(alt_find_dev.o) (memcmp)
c:/intelfpga_lite/18.1/nios2eds/bin/gnu/h-x86_64-mingw32/bin/../lib/gcc/nios2-elf/5.3.0/../../../../../H-x86_64-mingw32/nios2-elf/lib\libsmallc.a(lib_a-strlen.o)
                              ../nios_II_asp_bsp/\libhal_bsp.a(alt_find_dev.o) (strlen)
c:/intelfpga_lite/18.1/nios2eds/bin/gnu/h-x86_64-mingw32/bin/../lib/gcc/nios2-elf/5.3.0/../../../../../H-x86_64-mingw32/nios2-elf/lib\libsmallc.a(lib_a-__atexit.o)
                              c:/intelfpga_lite/18.1/nios2eds/bin/gnu/h-x86_64-mingw32/bin/../lib/gcc/nios2-elf/5.3.0/../../../../../H-x86_64-mingw32/nios2-elf/lib\libsmallc.a(lib_a-atexit.o) (__register_exitproc)
c:/intelfpga_lite/18.1/nios2eds/bin/gnu/h-x86_64-mingw32/bin/../lib/gcc/nios2-elf/5.3.0/../../../../../H-x86_64-mingw32/nios2-elf/lib\libsmallc.a(lib_a-__call_atexit.o)
                              c:/intelfpga_lite/18.1/nios2eds/bin/gnu/h-x86_64-mingw32/bin/../lib/gcc/nios2-elf/5.3.0/../../../../../H-x86_64-mingw32/nios2-elf/lib\libsmallc.a(lib_a-exit.o) (__call_exitprocs)
c:/intelfpga_lite/18.1/nios2eds/bin/gnu/h-x86_64-mingw32/bin/../lib/gcc/nios2-elf/5.3.0/../../../../../H-x86_64-mingw32/nios2-elf/lib\libsmallc.a(lib_a-impure.o)
                              c:/intelfpga_lite/18.1/nios2eds/bin/gnu/h-x86_64-mingw32/bin/../lib/gcc/nios2-elf/5.3.0/../../../../../H-x86_64-mingw32/nios2-elf/lib\libsmallc.a(lib_a-__atexit.o) (_global_impure_ptr)
../nios_II_asp_bsp/\libhal_bsp.a(alt_exit.o)
                              c:/intelfpga_lite/18.1/nios2eds/bin/gnu/h-x86_64-mingw32/bin/../lib/gcc/nios2-elf/5.3.0/../../../../../H-x86_64-mingw32/nios2-elf/lib\libsmallc.a(lib_a-exit.o) (_exit)

Allocating common symbols
Common symbol       size              file

alt_irq             0x100             ../nios_II_asp_bsp/\libhal_bsp.a(alt_irq_handler.o)
errno               0x4               c:/intelfpga_lite/18.1/nios2eds/bin/gnu/h-x86_64-mingw32/bin/../lib/gcc/nios2-elf/5.3.0/../../../../../H-x86_64-mingw32/nios2-elf/lib\libsmallc.a(lib_a-int_errno.o)
key                 0x4               obj/default/asp.o

Memory Configuration

Name             Origin             Length             Attributes
reset            0x0000000000008000 0x0000000000000020
onchip_memory2_0 0x0000000000008020 0x0000000000004fe0
*default*        0x0000000000000000 0xffffffffffffffff

Linker script and memory map

LOAD ../nios_II_asp_bsp//obj/HAL/src/crt0.o
LOAD obj/default/asp.o
LOAD c:/intelfpga_lite/18.1/nios2eds/bin/gnu/h-x86_64-mingw32/bin/../lib/gcc/nios2-elf/5.3.0/../../../../../H-x86_64-mingw32/nios2-elf/lib\libstdc++.a
LOAD c:/intelfpga_lite/18.1/nios2eds/bin/gnu/h-x86_64-mingw32/bin/../lib/gcc/nios2-elf/5.3.0/../../../../../H-x86_64-mingw32/nios2-elf/lib\libm.a
LOAD c:/intelfpga_lite/18.1/nios2eds/bin/gnu/h-x86_64-mingw32/bin/../lib/gcc/nios2-elf/5.3.0\libgcc.a
START GROUP
LOAD c:/intelfpga_lite/18.1/nios2eds/bin/gnu/h-x86_64-mingw32/bin/../lib/gcc/nios2-elf/5.3.0/../../../../../H-x86_64-mingw32/nios2-elf/lib\libsmallc.a
LOAD c:/intelfpga_lite/18.1/nios2eds/bin/gnu/h-x86_64-mingw32/bin/../lib/gcc/nios2-elf/5.3.0\libgcc.a
LOAD ../nios_II_asp_bsp/\libhal_bsp.a
LOAD c:/intelfpga_lite/18.1/nios2eds/bin/gnu/h-x86_64-mingw32/bin/../lib/gcc/nios2-elf/5.3.0/../../../../../H-x86_64-mingw32/nios2-elf/lib\libm.a
END GROUP
LOAD c:/intelfpga_lite/18.1/nios2eds/bin/gnu/h-x86_64-mingw32/bin/../lib/gcc/nios2-elf/5.3.0\libgcc.a
                0x0000000000008000                __alt_mem_onchip_memory2_0 = 0x8000

.entry          0x0000000000008000       0x20
 *(.entry)
 .entry         0x0000000000008000       0x20 ../nios_II_asp_bsp//obj/HAL/src/crt0.o
                0x0000000000008000                __reset

.exceptions     0x0000000000008020      0x224
                0x0000000000008020                PROVIDE (__ram_exceptions_start, ABSOLUTE (.))
                0x0000000000008020                . = ALIGN (0x20)
 *(.irq)
 *(.exceptions.entry.label)
 .exceptions.entry.label
                0x0000000000008020        0x0 ../nios_II_asp_bsp/\libhal_bsp.a(alt_irq_entry.o)
                0x0000000000008020                alt_irq_entry
 .exceptions.entry.label
                0x0000000000008020        0x0 ../nios_II_asp_bsp/\libhal_bsp.a(alt_exception_entry.o)
                0x0000000000008020                alt_exception
 *(.exceptions.entry.user)
 *(.exceptions.entry.ecc_fatal)
 *(.exceptions.entry)
 .exceptions.entry
                0x0000000000008020       0x54 ../nios_II_asp_bsp/\libhal_bsp.a(alt_exception_entry.o)
 *(.exceptions.irqtest.user)
 *(.exceptions.irqtest)
 .exceptions.irqtest
                0x0000000000008074       0x10 ../nios_II_asp_bsp/\libhal_bsp.a(alt_irq_entry.o)
 *(.exceptions.irqhandler.user)
 *(.exceptions.irqhandler)
 .exceptions.irqhandler
                0x0000000000008084        0x4 ../nios_II_asp_bsp/\libhal_bsp.a(alt_irq_entry.o)
 *(.exceptions.irqreturn.user)
 *(.exceptions.irqreturn)
 .exceptions.irqreturn
                0x0000000000008088        0x4 ../nios_II_asp_bsp/\libhal_bsp.a(alt_irq_entry.o)
 *(.exceptions.notirq.label)
 .exceptions.notirq.label
                0x000000000000808c        0x0 ../nios_II_asp_bsp/\libhal_bsp.a(alt_irq_entry.o)
 *(.exceptions.notirq.user)
 *(.exceptions.notirq)
 .exceptions.notirq
                0x000000000000808c        0x8 ../nios_II_asp_bsp/\libhal_bsp.a(alt_exception_entry.o)
 *(.exceptions.soft.user)
 *(.exceptions.soft)
 *(.exceptions.unknown.user)
 *(.exceptions.unknown)
 .exceptions.unknown
                0x0000000000008094       0x14 ../nios_II_asp_bsp/\libhal_bsp.a(alt_exception_entry.o)
 *(.exceptions.exit.label)
 .exceptions.exit.label
                0x00000000000080a8        0x0 ../nios_II_asp_bsp/\libhal_bsp.a(alt_irq_entry.o)
 .exceptions.exit.label
                0x00000000000080a8        0x0 ../nios_II_asp_bsp/\libhal_bsp.a(alt_exception_entry.o)
 *(.exceptions.exit.user)
 *(.exceptions.exit)
 .exceptions.exit
                0x00000000000080a8       0x54 ../nios_II_asp_bsp/\libhal_bsp.a(alt_exception_entry.o)
 *(.exceptions)
 .exceptions    0x00000000000080fc       0xd4 ../nios_II_asp_bsp/\libhal_bsp.a(alt_irq_handler.o)
                0x00000000000080fc                alt_irq_handler
 .exceptions    0x00000000000081d0       0x74 ../nios_II_asp_bsp/\libhal_bsp.a(alt_instruction_exception_entry.o)
                0x00000000000081d0                alt_instruction_exception_entry
                0x0000000000008244                PROVIDE (__ram_exceptions_end, ABSOLUTE (.))
                0x0000000000008020                PROVIDE (__flash_exceptions_start, LOADADDR (.exceptions))

.text           0x0000000000008244     0x1c40
                [!provide]                        PROVIDE (stext, ABSOLUTE (.))
 *(.interp)
 *(.hash)
 *(.dynsym)
 *(.dynstr)
 *(.gnu.version)
 *(.gnu.version_d)
 *(.gnu.version_r)
 *(.rel.init)
 *(.rela.init)
 *(.rel.text .rel.text.* .rel.gnu.linkonce.t.*)
 *(.rela.text .rela.text.* .rela.gnu.linkonce.t.*)
 *(.rel.fini)
 *(.rela.fini)
 *(.rel.rodata .rel.rodata.* .rel.gnu.linkonce.r.*)
 *(.rela.rodata .rela.rodata.* .rela.gnu.linkonce.r.*)
 *(.rel.data .rel.data.* .rel.gnu.linkonce.d.*)
 *(.rela.data .rela.data.* .rela.gnu.linkonce.d.*)
 *(.rel.tdata .rel.tdata.* .rel.gnu.linkonce.td.*)
 *(.rela.tdata .rela.tdata.* .rela.gnu.linkonce.td.*)
 *(.rel.tbss .rel.tbss.* .rel.gnu.linkonce.tb.*)
 *(.rela.tbss .rela.tbss.* .rela.gnu.linkonce.tb.*)
 *(.rel.ctors)
 *(.rela.ctors)
 *(.rel.dtors)
 *(.rela.dtors)
 *(.rel.got)
 *(.rela.got)
 *(.rel.sdata .rel.sdata.* .rel.gnu.linkonce.s.*)
 *(.rela.sdata .rela.sdata.* .rela.gnu.linkonce.s.*)
 *(.rel.sbss .rel.sbss.* .rel.gnu.linkonce.sb.*)
 *(.rela.sbss .rela.sbss.* .rela.gnu.linkonce.sb.*)
 *(.rel.sdata2 .rel.sdata2.* .rel.gnu.linkonce.s2.*)
 *(.rela.sdata2 .rela.sdata2.* .rela.gnu.linkonce.s2.*)
 *(.rel.sbss2 .rel.sbss2.* .rel.gnu.linkonce.sb2.*)
 *(.rela.sbss2 .rela.sbss2.* .rela.gnu.linkonce.sb2.*)
 *(.rel.bss .rel.bss.* .rel.gnu.linkonce.b.*)
 *(.rela.bss .rela.bss.* .rela.gnu.linkonce.b.*)
 *(.rel.plt)
 *(.rela.plt)
 *(.rel.dyn)
 *(.init)
 *(.plt)
 *(.text .stub .text.* .gnu.linkonce.t.*)
 .text          0x0000000000008244       0x4c ../nios_II_asp_bsp//obj/HAL/src/crt0.o
                0x0000000000008244                _start
 .text          0x0000000000008290      0x3e8 obj/default/asp.o
                0x0000000000008290                main
 .text          0x0000000000008678       0xec ../nios_II_asp_bsp/\libhal_bsp.a(alt_load.o)
                0x00000000000086e0                alt_load
 .text          0x0000000000008764       0x7c ../nios_II_asp_bsp/\libhal_bsp.a(alt_main.o)
                0x0000000000008764                alt_main
 .text          0x00000000000087e0       0xb8 ../nios_II_asp_bsp/\libhal_bsp.a(alt_sys_init.o)
                0x0000000000008814                alt_irq_init
                0x000000000000884c                alt_sys_init
 .text          0x0000000000008898       0xc0 ../nios_II_asp_bsp/\libhal_bsp.a(altera_avalon_jtag_uart_fd.o)
                0x0000000000008898                altera_avalon_jtag_uart_read_fd
                0x00000000000088f8                altera_avalon_jtag_uart_write_fd
 .text          0x0000000000008958       0xec ../nios_II_asp_bsp/\libhal_bsp.a(altera_avalon_jtag_uart_read.o)
                0x0000000000008958                altera_avalon_jtag_uart_read
 .text          0x0000000000008a44       0x94 ../nios_II_asp_bsp/\libhal_bsp.a(altera_avalon_jtag_uart_write.o)
                0x0000000000008a44                altera_avalon_jtag_uart_write
 .text          0x0000000000008ad8       0xf4 ../nios_II_asp_bsp/\libhal_bsp.a(altera_avalon_timer_sc.o)
                0x0000000000008b50                alt_avalon_timer_sc_init
 .text          0x0000000000008bcc      0x10c ../nios_II_asp_bsp/\libhal_bsp.a(alt_close.o)
                0x0000000000008c08                close
 .text          0x0000000000008cd8       0x48 ../nios_II_asp_bsp/\libhal_bsp.a(alt_dcache_flush_all.o)
                0x0000000000008cd8                alt_dcache_flush_all
 .text          0x0000000000008d20       0x2c ../nios_II_asp_bsp/\libhal_bsp.a(alt_dev.o)
 .text          0x0000000000008d4c       0xe0 ../nios_II_asp_bsp/\libhal_bsp.a(alt_dev_llist_insert.o)
                0x0000000000008d88                alt_dev_llist_insert
 .text          0x0000000000008e2c       0x60 ../nios_II_asp_bsp/\libhal_bsp.a(alt_do_ctors.o)
                0x0000000000008e2c                _do_ctors
 .text          0x0000000000008e8c       0x60 ../nios_II_asp_bsp/\libhal_bsp.a(alt_do_dtors.o)
                0x0000000000008e8c                _do_dtors
 .text          0x0000000000008eec        0x0 ../nios_II_asp_bsp/\libhal_bsp.a(alt_errno.o)
 .text          0x0000000000008eec       0x34 ../nios_II_asp_bsp/\libhal_bsp.a(alt_icache_flush_all.o)
                0x0000000000008eec                alt_icache_flush_all
 .text          0x0000000000008f20      0x1b0 ../nios_II_asp_bsp/\libhal_bsp.a(alt_iic.o)
                0x0000000000008f20                alt_ic_isr_register
                0x0000000000008f70                alt_ic_irq_enable
                0x0000000000008ff8                alt_ic_irq_disable
                0x0000000000009084                alt_ic_irq_enabled
 .text          0x00000000000090d0       0xf0 ../nios_II_asp_bsp/\libhal_bsp.a(alt_iic_isr_register.o)
                0x00000000000090d0                alt_iic_isr_register
 .text          0x00000000000091c0      0x140 ../nios_II_asp_bsp/\libhal_bsp.a(alt_io_redirect.o)
                0x0000000000009284                alt_io_redirect
 .text          0x0000000000009300        0x0 ../nios_II_asp_bsp/\libhal_bsp.a(alt_irq_entry.o)
 .text          0x0000000000009300        0x0 ../nios_II_asp_bsp/\libhal_bsp.a(alt_irq_handler.o)
 .text          0x0000000000009300        0x0 ../nios_II_asp_bsp/\libhal_bsp.a(alt_irq_vars.o)
 .text          0x0000000000009300      0x254 ../nios_II_asp_bsp/\libhal_bsp.a(alt_open.o)
                0x0000000000009400                open
 .text          0x0000000000009554       0x64 ../nios_II_asp_bsp/\libhal_bsp.a(alt_release_fd.o)
                0x0000000000009554                alt_release_fd
 .text          0x00000000000095b8      0x1a4 ../nios_II_asp_bsp/\libhal_bsp.a(alt_tick.o)
                0x00000000000095b8                alt_alarm_stop
                0x0000000000009654                alt_tick
 .text          0x000000000000975c       0x24 ../nios_II_asp_bsp/\libhal_bsp.a(altera_nios2_gen2_irq.o)
                0x000000000000975c                altera_nios2_gen2_irq_init
 .text          0x0000000000009780        0x0 ../nios_II_asp_bsp/\libhal_bsp.a(alt_exception_entry.o)
 .text          0x0000000000009780       0x90 ../nios_II_asp_bsp/\libhal_bsp.a(alt_find_dev.o)
                0x0000000000009780                alt_find_dev
 .text          0x0000000000009810      0x108 ../nios_II_asp_bsp/\libhal_bsp.a(alt_find_file.o)
                0x0000000000009810                alt_find_file
 .text          0x0000000000009918       0xa4 ../nios_II_asp_bsp/\libhal_bsp.a(alt_get_fd.o)
                0x0000000000009918                alt_get_fd
 .text          0x00000000000099bc       0x90 ../nios_II_asp_bsp/\libhal_bsp.a(alt_icache_flush.o)
                0x00000000000099bc                alt_icache_flush
 .text          0x0000000000009a4c       0x9c ../nios_II_asp_bsp/\libhal_bsp.a(alt_instruction_exception_entry.o)
                0x0000000000009a4c                alt_exception_cause_generated_bad_addr
 .text          0x0000000000009ae8        0x0 c:/intelfpga_lite/18.1/nios2eds/bin/gnu/h-x86_64-mingw32/bin/../lib/gcc/nios2-elf/5.3.0/../../../../../H-x86_64-mingw32/nios2-elf/lib\libsmallc.a(lib_a-atexit.o)
 .text.atexit   0x0000000000009ae8       0x14 c:/intelfpga_lite/18.1/nios2eds/bin/gnu/h-x86_64-mingw32/bin/../lib/gcc/nios2-elf/5.3.0/../../../../../H-x86_64-mingw32/nios2-elf/lib\libsmallc.a(lib_a-atexit.o)
                0x0000000000009ae8                atexit
 .text          0x0000000000009afc        0x0 c:/intelfpga_lite/18.1/nios2eds/bin/gnu/h-x86_64-mingw32/bin/../lib/gcc/nios2-elf/5.3.0/../../../../../H-x86_64-mingw32/nios2-elf/lib\libsmallc.a(lib_a-exit.o)
 .text.exit     0x0000000000009afc       0x20 c:/intelfpga_lite/18.1/nios2eds/bin/gnu/h-x86_64-mingw32/bin/../lib/gcc/nios2-elf/5.3.0/../../../../../H-x86_64-mingw32/nios2-elf/lib\libsmallc.a(lib_a-exit.o)
                0x0000000000009afc                exit
 .text          0x0000000000009b1c        0x0 c:/intelfpga_lite/18.1/nios2eds/bin/gnu/h-x86_64-mingw32/bin/../lib/gcc/nios2-elf/5.3.0/../../../../../H-x86_64-mingw32/nios2-elf/lib\libsmallc.a(lib_a-int_errno.o)
 .text          0x0000000000009b1c        0x0 c:/intelfpga_lite/18.1/nios2eds/bin/gnu/h-x86_64-mingw32/bin/../lib/gcc/nios2-elf/5.3.0/../../../../../H-x86_64-mingw32/nios2-elf/lib\libsmallc.a(lib_a-memcmp.o)
 .text.memcmp   0x0000000000009b1c       0x30 c:/intelfpga_lite/18.1/nios2eds/bin/gnu/h-x86_64-mingw32/bin/../lib/gcc/nios2-elf/5.3.0/../../../../../H-x86_64-mingw32/nios2-elf/lib\libsmallc.a(lib_a-memcmp.o)
                0x0000000000009b1c                memcmp
 .text          0x0000000000009b4c        0x0 c:/intelfpga_lite/18.1/nios2eds/bin/gnu/h-x86_64-mingw32/bin/../lib/gcc/nios2-elf/5.3.0/../../../../../H-x86_64-mingw32/nios2-elf/lib\libsmallc.a(lib_a-strlen.o)
 .text.strlen   0x0000000000009b4c       0x1c c:/intelfpga_lite/18.1/nios2eds/bin/gnu/h-x86_64-mingw32/bin/../lib/gcc/nios2-elf/5.3.0/../../../../../H-x86_64-mingw32/nios2-elf/lib\libsmallc.a(lib_a-strlen.o)
                0x0000000000009b4c                strlen
 .text          0x0000000000009b68        0x0 c:/intelfpga_lite/18.1/nios2eds/bin/gnu/h-x86_64-mingw32/bin/../lib/gcc/nios2-elf/5.3.0/../../../../../H-x86_64-mingw32/nios2-elf/lib\libsmallc.a(lib_a-__atexit.o)
 .text.__register_exitproc
                0x0000000000009b68      0x158 c:/intelfpga_lite/18.1/nios2eds/bin/gnu/h-x86_64-mingw32/bin/../lib/gcc/nios2-elf/5.3.0/../../../../../H-x86_64-mingw32/nios2-elf/lib\libsmallc.a(lib_a-__atexit.o)
                0x0000000000009b68                __register_exitproc
 .text          0x0000000000009cc0        0x0 c:/intelfpga_lite/18.1/nios2eds/bin/gnu/h-x86_64-mingw32/bin/../lib/gcc/nios2-elf/5.3.0/../../../../../H-x86_64-mingw32/nios2-elf/lib\libsmallc.a(lib_a-__call_atexit.o)
 .text.__call_exitprocs
                0x0000000000009cc0      0x190 c:/intelfpga_lite/18.1/nios2eds/bin/gnu/h-x86_64-mingw32/bin/../lib/gcc/nios2-elf/5.3.0/../../../../../H-x86_64-mingw32/nios2-elf/lib\libsmallc.a(lib_a-__call_atexit.o)
                0x0000000000009cc0                __call_exitprocs
 .text          0x0000000000009e50        0x0 c:/intelfpga_lite/18.1/nios2eds/bin/gnu/h-x86_64-mingw32/bin/../lib/gcc/nios2-elf/5.3.0/../../../../../H-x86_64-mingw32/nios2-elf/lib\libsmallc.a(lib_a-impure.o)
 .text          0x0000000000009e50       0x34 ../nios_II_asp_bsp/\libhal_bsp.a(alt_exit.o)
                0x0000000000009e50                _exit
 *(.gnu.warning.*)
 *(.fini)
                [!provide]                        PROVIDE (__etext, ABSOLUTE (.))
                [!provide]                        PROVIDE (_etext, ABSOLUTE (.))
                [!provide]                        PROVIDE (etext, ABSOLUTE (.))
 *(.eh_frame_hdr)
                0x0000000000009e84                . = ALIGN (0x4)
                [!provide]                        PROVIDE (__preinit_array_start, ABSOLUTE (.))
 *(.preinit_array)
                [!provide]                        PROVIDE (__preinit_array_end, ABSOLUTE (.))
                [!provide]                        PROVIDE (__init_array_start, ABSOLUTE (.))
 *(.init_array)
                [!provide]                        PROVIDE (__init_array_end, ABSOLUTE (.))
                [!provide]                        PROVIDE (__fini_array_start, ABSOLUTE (.))
 *(.fini_array)
                [!provide]                        PROVIDE (__fini_array_end, ABSOLUTE (.))
 *(.eh_frame)
 *(.gcc_except_table .gcc_except_table.*)
 *(.dynamic)
                0x0000000000009e84                PROVIDE (__CTOR_LIST__, ABSOLUTE (.))
 *(.ctors)
 *(SORT(.ctors.*))
                0x0000000000009e84                PROVIDE (__CTOR_END__, ABSOLUTE (.))
                0x0000000000009e84                PROVIDE (__DTOR_LIST__, ABSOLUTE (.))
 *(.dtors)
 *(SORT(.dtors.*))
                0x0000000000009e84                PROVIDE (__DTOR_END__, ABSOLUTE (.))
 *(.jcr)
                0x0000000000009e84                . = ALIGN (0x4)

.rodata         0x0000000000009e84       0x34
                0x0000000000009e84                PROVIDE (__ram_rodata_start, ABSOLUTE (.))
                0x0000000000009e84                . = ALIGN (0x4)
 *(.rodata .rodata.* .gnu.linkonce.r.*)
 .rodata        0x0000000000009e84       0x11 ../nios_II_asp_bsp/\libhal_bsp.a(alt_main.o)
 *fill*         0x0000000000009e95        0x3 
 .rodata        0x0000000000009e98       0x11 ../nios_II_asp_bsp/\libhal_bsp.a(alt_sys_init.o)
 *fill*         0x0000000000009ea9        0x3 
 .rodata        0x0000000000009eac        0xa ../nios_II_asp_bsp/\libhal_bsp.a(alt_dev.o)
 *(.rodata1)
                0x0000000000009eb8                . = ALIGN (0x4)
 *fill*         0x0000000000009eb6        0x2 
                0x0000000000009eb8                PROVIDE (__ram_rodata_end, ABSOLUTE (.))
                0x0000000000009e84                PROVIDE (__flash_rodata_start, LOADADDR (.rodata))

.rwdata         0x0000000000009eb8      0x2e0 load address 0x000000000000a198
                0x0000000000009eb8                PROVIDE (__ram_rwdata_start, ABSOLUTE (.))
                0x0000000000009eb8                . = ALIGN (0x4)
 *(.got.plt)
 *(.got)
 *(.data1)
 *(.data .data.* .gnu.linkonce.d.*)
 .data          0x0000000000009eb8        0x0 ../nios_II_asp_bsp//obj/HAL/src/crt0.o
 .data          0x0000000000009eb8        0x0 obj/default/asp.o
 .data          0x0000000000009eb8        0x0 ../nios_II_asp_bsp/\libhal_bsp.a(alt_load.o)
 .data          0x0000000000009eb8        0x0 ../nios_II_asp_bsp/\libhal_bsp.a(alt_main.o)
 .data          0x0000000000009eb8       0x2c ../nios_II_asp_bsp/\libhal_bsp.a(alt_sys_init.o)
 .data          0x0000000000009ee4        0x0 ../nios_II_asp_bsp/\libhal_bsp.a(altera_avalon_jtag_uart_fd.o)
 .data          0x0000000000009ee4        0x0 ../nios_II_asp_bsp/\libhal_bsp.a(altera_avalon_jtag_uart_read.o)
 .data          0x0000000000009ee4        0x0 ../nios_II_asp_bsp/\libhal_bsp.a(altera_avalon_jtag_uart_write.o)
 .data          0x0000000000009ee4        0x0 ../nios_II_asp_bsp/\libhal_bsp.a(altera_avalon_timer_sc.o)
 .data          0x0000000000009ee4        0x0 ../nios_II_asp_bsp/\libhal_bsp.a(alt_close.o)
 .data          0x0000000000009ee4        0x0 ../nios_II_asp_bsp/\libhal_bsp.a(alt_dcache_flush_all.o)
 .data          0x0000000000009ee4      0x1a8 ../nios_II_asp_bsp/\libhal_bsp.a(alt_dev.o)
                0x0000000000009ee4                alt_dev_null
                0x0000000000009f0c                alt_fd_list
 .data          0x000000000000a08c        0x0 ../nios_II_asp_bsp/\libhal_bsp.a(alt_dev_llist_insert.o)
 .data          0x000000000000a08c        0x0 ../nios_II_asp_bsp/\libhal_bsp.a(alt_do_ctors.o)
 .data          0x000000000000a08c        0x0 ../nios_II_asp_bsp/\libhal_bsp.a(alt_do_dtors.o)
 .data          0x000000000000a08c        0x0 ../nios_II_asp_bsp/\libhal_bsp.a(alt_errno.o)
 .data          0x000000000000a08c        0x0 ../nios_II_asp_bsp/\libhal_bsp.a(alt_icache_flush_all.o)
 .data          0x000000000000a08c        0x0 ../nios_II_asp_bsp/\libhal_bsp.a(alt_iic.o)
 .data          0x000000000000a08c        0x0 ../nios_II_asp_bsp/\libhal_bsp.a(alt_iic_isr_register.o)
 .data          0x000000000000a08c        0x0 ../nios_II_asp_bsp/\libhal_bsp.a(alt_io_redirect.o)
 .data          0x000000000000a08c        0x0 ../nios_II_asp_bsp/\libhal_bsp.a(alt_irq_entry.o)
 .data          0x000000000000a08c        0x0 ../nios_II_asp_bsp/\libhal_bsp.a(alt_irq_handler.o)
 .data          0x000000000000a08c        0x0 ../nios_II_asp_bsp/\libhal_bsp.a(alt_irq_vars.o)
 .data          0x000000000000a08c        0x0 ../nios_II_asp_bsp/\libhal_bsp.a(alt_open.o)
 .data          0x000000000000a08c        0x0 ../nios_II_asp_bsp/\libhal_bsp.a(alt_release_fd.o)
 .data          0x000000000000a08c        0x0 ../nios_II_asp_bsp/\libhal_bsp.a(alt_tick.o)
 .data          0x000000000000a08c        0x0 ../nios_II_asp_bsp/\libhal_bsp.a(altera_nios2_gen2_irq.o)
 .data          0x000000000000a08c        0x0 ../nios_II_asp_bsp/\libhal_bsp.a(alt_exception_entry.o)
 .data          0x000000000000a08c        0x0 ../nios_II_asp_bsp/\libhal_bsp.a(alt_find_dev.o)
 .data          0x000000000000a08c        0x0 ../nios_II_asp_bsp/\libhal_bsp.a(alt_find_file.o)
 .data          0x000000000000a08c        0x0 ../nios_II_asp_bsp/\libhal_bsp.a(alt_get_fd.o)
 .data          0x000000000000a08c        0x0 ../nios_II_asp_bsp/\libhal_bsp.a(alt_icache_flush.o)
 .data          0x000000000000a08c        0x0 ../nios_II_asp_bsp/\libhal_bsp.a(alt_instruction_exception_entry.o)
 .data          0x000000000000a08c        0x0 c:/intelfpga_lite/18.1/nios2eds/bin/gnu/h-x86_64-mingw32/bin/../lib/gcc/nios2-elf/5.3.0/../../../../../H-x86_64-mingw32/nios2-elf/lib\libsmallc.a(lib_a-atexit.o)
 .data          0x000000000000a08c        0x0 c:/intelfpga_lite/18.1/nios2eds/bin/gnu/h-x86_64-mingw32/bin/../lib/gcc/nios2-elf/5.3.0/../../../../../H-x86_64-mingw32/nios2-elf/lib\libsmallc.a(lib_a-exit.o)
 .data          0x000000000000a08c        0x0 c:/intelfpga_lite/18.1/nios2eds/bin/gnu/h-x86_64-mingw32/bin/../lib/gcc/nios2-elf/5.3.0/../../../../../H-x86_64-mingw32/nios2-elf/lib\libsmallc.a(lib_a-int_errno.o)
 .data          0x000000000000a08c        0x0 c:/intelfpga_lite/18.1/nios2eds/bin/gnu/h-x86_64-mingw32/bin/../lib/gcc/nios2-elf/5.3.0/../../../../../H-x86_64-mingw32/nios2-elf/lib\libsmallc.a(lib_a-memcmp.o)
 .data          0x000000000000a08c        0x0 c:/intelfpga_lite/18.1/nios2eds/bin/gnu/h-x86_64-mingw32/bin/../lib/gcc/nios2-elf/5.3.0/../../../../../H-x86_64-mingw32/nios2-elf/lib\libsmallc.a(lib_a-strlen.o)
 .data          0x000000000000a08c        0x0 c:/intelfpga_lite/18.1/nios2eds/bin/gnu/h-x86_64-mingw32/bin/../lib/gcc/nios2-elf/5.3.0/../../../../../H-x86_64-mingw32/nios2-elf/lib\libsmallc.a(lib_a-__atexit.o)
 .data          0x000000000000a08c        0x0 c:/intelfpga_lite/18.1/nios2eds/bin/gnu/h-x86_64-mingw32/bin/../lib/gcc/nios2-elf/5.3.0/../../../../../H-x86_64-mingw32/nios2-elf/lib\libsmallc.a(lib_a-__call_atexit.o)
 .data          0x000000000000a08c        0x0 c:/intelfpga_lite/18.1/nios2eds/bin/gnu/h-x86_64-mingw32/bin/../lib/gcc/nios2-elf/5.3.0/../../../../../H-x86_64-mingw32/nios2-elf/lib\libsmallc.a(lib_a-impure.o)
 .data.impure_data
                0x000000000000a08c       0xe0 c:/intelfpga_lite/18.1/nios2eds/bin/gnu/h-x86_64-mingw32/bin/../lib/gcc/nios2-elf/5.3.0/../../../../../H-x86_64-mingw32/nios2-elf/lib\libsmallc.a(lib_a-impure.o)
 .data          0x000000000000a16c        0x0 ../nios_II_asp_bsp/\libhal_bsp.a(alt_exit.o)
                0x000000000001216c                _gp = ABSOLUTE ((. + 0x8000))
                [!provide]                        PROVIDE (gp, _gp)
 *(.rwdata .rwdata.*)
 *(.sdata .sdata.* .gnu.linkonce.s.*)
 .sdata         0x000000000000a16c       0x14 ../nios_II_asp_bsp/\libhal_bsp.a(alt_dev.o)
                0x000000000000a16c                alt_fs_list
                0x000000000000a174                alt_dev_list
                0x000000000000a17c                alt_max_fd
 .sdata         0x000000000000a180        0x4 ../nios_II_asp_bsp/\libhal_bsp.a(alt_errno.o)
                0x000000000000a180                alt_errno
 .sdata         0x000000000000a184        0x4 ../nios_II_asp_bsp/\libhal_bsp.a(alt_irq_vars.o)
                0x000000000000a184                alt_priority_mask
 .sdata         0x000000000000a188        0x8 ../nios_II_asp_bsp/\libhal_bsp.a(alt_tick.o)
                0x000000000000a188                alt_alarm_list
 .sdata._global_impure_ptr
                0x000000000000a190        0x4 c:/intelfpga_lite/18.1/nios2eds/bin/gnu/h-x86_64-mingw32/bin/../lib/gcc/nios2-elf/5.3.0/../../../../../H-x86_64-mingw32/nios2-elf/lib\libsmallc.a(lib_a-impure.o)
                0x000000000000a190                _global_impure_ptr
 .sdata._impure_ptr
                0x000000000000a194        0x4 c:/intelfpga_lite/18.1/nios2eds/bin/gnu/h-x86_64-mingw32/bin/../lib/gcc/nios2-elf/5.3.0/../../../../../H-x86_64-mingw32/nios2-elf/lib\libsmallc.a(lib_a-impure.o)
                0x000000000000a194                _impure_ptr
 *(.sdata2 .sdata2.* .gnu.linkonce.s2.*)
                0x000000000000a198                . = ALIGN (0x4)
                0x000000000000a198                _edata = ABSOLUTE (.)
                [!provide]                        PROVIDE (edata, ABSOLUTE (.))
                0x000000000000a198                PROVIDE (__ram_rwdata_end, ABSOLUTE (.))
                0x000000000000a198                PROVIDE (__flash_rwdata_start, LOADADDR (.rwdata))

.bss            0x000000000000a478      0x130
                0x000000000000a478                __bss_start = ABSOLUTE (.)
                [!provide]                        PROVIDE (__sbss_start, ABSOLUTE (.))
                [!provide]                        PROVIDE (___sbss_start, ABSOLUTE (.))
 *(.dynsbss)
 *(.sbss .sbss.* .gnu.linkonce.sb.*)
 .sbss          0x000000000000a478        0x4 obj/default/asp.o
                0x000000000000a478                key
 .sbss          0x000000000000a47c        0xc ../nios_II_asp_bsp/\libhal_bsp.a(alt_main.o)
                0x000000000000a47c                alt_argc
                0x000000000000a480                alt_argv
                0x000000000000a484                alt_envp
 .sbss          0x000000000000a488        0x4 ../nios_II_asp_bsp/\libhal_bsp.a(alt_irq_vars.o)
                0x000000000000a488                alt_irq_active
 .sbss          0x000000000000a48c        0x8 ../nios_II_asp_bsp/\libhal_bsp.a(alt_tick.o)
                0x000000000000a48c                _alt_tick_rate
                0x000000000000a490                _alt_nticks
 .sbss          0x000000000000a494        0x4 ../nios_II_asp_bsp/\libhal_bsp.a(alt_instruction_exception_entry.o)
                0x000000000000a494                alt_instruction_exception_handler
 .sbss          0x000000000000a498        0x4 c:/intelfpga_lite/18.1/nios2eds/bin/gnu/h-x86_64-mingw32/bin/../lib/gcc/nios2-elf/5.3.0/../../../../../H-x86_64-mingw32/nios2-elf/lib\libsmallc.a(lib_a-int_errno.o)
                0x000000000000a498                errno
 *(.sbss2 .sbss2.* .gnu.linkonce.sb2.*)
 *(.scommon)
                [!provide]                        PROVIDE (__sbss_end, ABSOLUTE (.))
                [!provide]                        PROVIDE (___sbss_end, ABSOLUTE (.))
 *(.dynbss)
 *(.bss .bss.* .gnu.linkonce.b.*)
 .bss           0x000000000000a49c        0x0 ../nios_II_asp_bsp//obj/HAL/src/crt0.o
 .bss           0x000000000000a49c        0xc obj/default/asp.o
                0x000000000000a49c                button
 .bss           0x000000000000a4a8        0x0 ../nios_II_asp_bsp/\libhal_bsp.a(alt_load.o)
 .bss           0x000000000000a4a8        0x0 ../nios_II_asp_bsp/\libhal_bsp.a(alt_main.o)
 .bss           0x000000000000a4a8        0x0 ../nios_II_asp_bsp/\libhal_bsp.a(alt_sys_init.o)
 .bss           0x000000000000a4a8        0x0 ../nios_II_asp_bsp/\libhal_bsp.a(altera_avalon_jtag_uart_fd.o)
 .bss           0x000000000000a4a8        0x0 ../nios_II_asp_bsp/\libhal_bsp.a(altera_avalon_jtag_uart_read.o)
 .bss           0x000000000000a4a8        0x0 ../nios_II_asp_bsp/\libhal_bsp.a(altera_avalon_jtag_uart_write.o)
 .bss           0x000000000000a4a8        0x0 ../nios_II_asp_bsp/\libhal_bsp.a(altera_avalon_timer_sc.o)
 .bss           0x000000000000a4a8        0x0 ../nios_II_asp_bsp/\libhal_bsp.a(alt_close.o)
 .bss           0x000000000000a4a8        0x0 ../nios_II_asp_bsp/\libhal_bsp.a(alt_dcache_flush_all.o)
 .bss           0x000000000000a4a8        0x0 ../nios_II_asp_bsp/\libhal_bsp.a(alt_dev.o)
 .bss           0x000000000000a4a8        0x0 ../nios_II_asp_bsp/\libhal_bsp.a(alt_dev_llist_insert.o)
 .bss           0x000000000000a4a8        0x0 ../nios_II_asp_bsp/\libhal_bsp.a(alt_do_ctors.o)
 .bss           0x000000000000a4a8        0x0 ../nios_II_asp_bsp/\libhal_bsp.a(alt_do_dtors.o)
 .bss           0x000000000000a4a8        0x0 ../nios_II_asp_bsp/\libhal_bsp.a(alt_errno.o)
 .bss           0x000000000000a4a8        0x0 ../nios_II_asp_bsp/\libhal_bsp.a(alt_icache_flush_all.o)
 .bss           0x000000000000a4a8        0x0 ../nios_II_asp_bsp/\libhal_bsp.a(alt_iic.o)
 .bss           0x000000000000a4a8        0x0 ../nios_II_asp_bsp/\libhal_bsp.a(alt_iic_isr_register.o)
 .bss           0x000000000000a4a8        0x0 ../nios_II_asp_bsp/\libhal_bsp.a(alt_io_redirect.o)
 .bss           0x000000000000a4a8        0x0 ../nios_II_asp_bsp/\libhal_bsp.a(alt_irq_entry.o)
 .bss           0x000000000000a4a8        0x0 ../nios_II_asp_bsp/\libhal_bsp.a(alt_irq_handler.o)
 .bss           0x000000000000a4a8        0x0 ../nios_II_asp_bsp/\libhal_bsp.a(alt_irq_vars.o)
 .bss           0x000000000000a4a8        0x0 ../nios_II_asp_bsp/\libhal_bsp.a(alt_open.o)
 .bss           0x000000000000a4a8        0x0 ../nios_II_asp_bsp/\libhal_bsp.a(alt_release_fd.o)
 .bss           0x000000000000a4a8        0x0 ../nios_II_asp_bsp/\libhal_bsp.a(alt_tick.o)
 .bss           0x000000000000a4a8        0x0 ../nios_II_asp_bsp/\libhal_bsp.a(altera_nios2_gen2_irq.o)
 .bss           0x000000000000a4a8        0x0 ../nios_II_asp_bsp/\libhal_bsp.a(alt_exception_entry.o)
 .bss           0x000000000000a4a8        0x0 ../nios_II_asp_bsp/\libhal_bsp.a(alt_find_dev.o)
 .bss           0x000000000000a4a8        0x0 ../nios_II_asp_bsp/\libhal_bsp.a(alt_find_file.o)
 .bss           0x000000000000a4a8        0x0 ../nios_II_asp_bsp/\libhal_bsp.a(alt_get_fd.o)
 .bss           0x000000000000a4a8        0x0 ../nios_II_asp_bsp/\libhal_bsp.a(alt_icache_flush.o)
 .bss           0x000000000000a4a8        0x0 ../nios_II_asp_bsp/\libhal_bsp.a(alt_instruction_exception_entry.o)
 .bss           0x000000000000a4a8        0x0 c:/intelfpga_lite/18.1/nios2eds/bin/gnu/h-x86_64-mingw32/bin/../lib/gcc/nios2-elf/5.3.0/../../../../../H-x86_64-mingw32/nios2-elf/lib\libsmallc.a(lib_a-atexit.o)
 .bss           0x000000000000a4a8        0x0 c:/intelfpga_lite/18.1/nios2eds/bin/gnu/h-x86_64-mingw32/bin/../lib/gcc/nios2-elf/5.3.0/../../../../../H-x86_64-mingw32/nios2-elf/lib\libsmallc.a(lib_a-exit.o)
 .bss           0x000000000000a4a8        0x0 c:/intelfpga_lite/18.1/nios2eds/bin/gnu/h-x86_64-mingw32/bin/../lib/gcc/nios2-elf/5.3.0/../../../../../H-x86_64-mingw32/nios2-elf/lib\libsmallc.a(lib_a-int_errno.o)
 .bss           0x000000000000a4a8        0x0 c:/intelfpga_lite/18.1/nios2eds/bin/gnu/h-x86_64-mingw32/bin/../lib/gcc/nios2-elf/5.3.0/../../../../../H-x86_64-mingw32/nios2-elf/lib\libsmallc.a(lib_a-memcmp.o)
 .bss           0x000000000000a4a8        0x0 c:/intelfpga_lite/18.1/nios2eds/bin/gnu/h-x86_64-mingw32/bin/../lib/gcc/nios2-elf/5.3.0/../../../../../H-x86_64-mingw32/nios2-elf/lib\libsmallc.a(lib_a-strlen.o)
 .bss           0x000000000000a4a8        0x0 c:/intelfpga_lite/18.1/nios2eds/bin/gnu/h-x86_64-mingw32/bin/../lib/gcc/nios2-elf/5.3.0/../../../../../H-x86_64-mingw32/nios2-elf/lib\libsmallc.a(lib_a-__atexit.o)
 .bss           0x000000000000a4a8        0x0 c:/intelfpga_lite/18.1/nios2eds/bin/gnu/h-x86_64-mingw32/bin/../lib/gcc/nios2-elf/5.3.0/../../../../../H-x86_64-mingw32/nios2-elf/lib\libsmallc.a(lib_a-__call_atexit.o)
 .bss           0x000000000000a4a8        0x0 c:/intelfpga_lite/18.1/nios2eds/bin/gnu/h-x86_64-mingw32/bin/../lib/gcc/nios2-elf/5.3.0/../../../../../H-x86_64-mingw32/nios2-elf/lib\libsmallc.a(lib_a-impure.o)
 .bss           0x000000000000a4a8        0x0 ../nios_II_asp_bsp/\libhal_bsp.a(alt_exit.o)
 *(COMMON)
 COMMON         0x000000000000a4a8      0x100 ../nios_II_asp_bsp/\libhal_bsp.a(alt_irq_handler.o)
                0x000000000000a4a8                alt_irq
                0x000000000000a5a8                . = ALIGN (0x4)
                0x000000000000a5a8                __bss_end = ABSOLUTE (.)

.onchip_memory2_0
                0x000000000000a5a8        0x0
                [!provide]                        PROVIDE (_alt_partition_onchip_memory2_0_start, ABSOLUTE (.))
 *(.onchip_memory2_0 .onchip_memory2_0. onchip_memory2_0.*)
                0x000000000000a5a8                . = ALIGN (0x4)
                [!provide]                        PROVIDE (_alt_partition_onchip_memory2_0_end, ABSOLUTE (.))
                0x000000000000a5a8                _end = ABSOLUTE (.)
                0x000000000000a5a8                end = ABSOLUTE (.)
                0x000000000000a5a8                __alt_stack_base = ABSOLUTE (.)
                [!provide]                        PROVIDE (_alt_partition_onchip_memory2_0_load_addr, LOADADDR (.onchip_memory2_0))

.stab
 *(.stab)

.stabstr
 *(.stabstr)

.stab.excl
 *(.stab.excl)

.stab.exclstr
 *(.stab.exclstr)

.stab.index
 *(.stab.index)

.stab.indexstr
 *(.stab.indexstr)

.comment        0x0000000000000000       0x23
 *(.comment)
 .comment       0x0000000000000000       0x23 obj/default/asp.o
                                         0x24 (size before relaxing)
 .comment       0x0000000000000023       0x24 ../nios_II_asp_bsp/\libhal_bsp.a(alt_load.o)
 .comment       0x0000000000000023       0x24 ../nios_II_asp_bsp/\libhal_bsp.a(alt_main.o)
 .comment       0x0000000000000023       0x24 ../nios_II_asp_bsp/\libhal_bsp.a(alt_sys_init.o)
 .comment       0x0000000000000023       0x24 ../nios_II_asp_bsp/\libhal_bsp.a(altera_avalon_jtag_uart_fd.o)
 .comment       0x0000000000000023       0x24 ../nios_II_asp_bsp/\libhal_bsp.a(altera_avalon_jtag_uart_read.o)
 .comment       0x0000000000000023       0x24 ../nios_II_asp_bsp/\libhal_bsp.a(altera_avalon_jtag_uart_write.o)
 .comment       0x0000000000000023       0x24 ../nios_II_asp_bsp/\libhal_bsp.a(altera_avalon_timer_sc.o)
 .comment       0x0000000000000023       0x24 ../nios_II_asp_bsp/\libhal_bsp.a(alt_close.o)
 .comment       0x0000000000000023       0x24 ../nios_II_asp_bsp/\libhal_bsp.a(alt_dcache_flush_all.o)
 .comment       0x0000000000000023       0x24 ../nios_II_asp_bsp/\libhal_bsp.a(alt_dev.o)
 .comment       0x0000000000000023       0x24 ../nios_II_asp_bsp/\libhal_bsp.a(alt_dev_llist_insert.o)
 .comment       0x0000000000000023       0x24 ../nios_II_asp_bsp/\libhal_bsp.a(alt_do_ctors.o)
 .comment       0x0000000000000023       0x24 ../nios_II_asp_bsp/\libhal_bsp.a(alt_do_dtors.o)
 .comment       0x0000000000000023       0x24 ../nios_II_asp_bsp/\libhal_bsp.a(alt_errno.o)
 .comment       0x0000000000000023       0x24 ../nios_II_asp_bsp/\libhal_bsp.a(alt_icache_flush_all.o)
 .comment       0x0000000000000023       0x24 ../nios_II_asp_bsp/\libhal_bsp.a(alt_iic.o)
 .comment       0x0000000000000023       0x24 ../nios_II_asp_bsp/\libhal_bsp.a(alt_iic_isr_register.o)
 .comment       0x0000000000000023       0x24 ../nios_II_asp_bsp/\libhal_bsp.a(alt_io_redirect.o)
 .comment       0x0000000000000023       0x24 ../nios_II_asp_bsp/\libhal_bsp.a(alt_irq_handler.o)
 .comment       0x0000000000000023       0x24 ../nios_II_asp_bsp/\libhal_bsp.a(alt_irq_vars.o)
 .comment       0x0000000000000023       0x24 ../nios_II_asp_bsp/\libhal_bsp.a(alt_open.o)
 .comment       0x0000000000000023       0x24 ../nios_II_asp_bsp/\libhal_bsp.a(alt_release_fd.o)
 .comment       0x0000000000000023       0x24 ../nios_II_asp_bsp/\libhal_bsp.a(alt_tick.o)
 .comment       0x0000000000000023       0x24 ../nios_II_asp_bsp/\libhal_bsp.a(altera_nios2_gen2_irq.o)
 .comment       0x0000000000000023       0x24 ../nios_II_asp_bsp/\libhal_bsp.a(alt_find_dev.o)
 .comment       0x0000000000000023       0x24 ../nios_II_asp_bsp/\libhal_bsp.a(alt_find_file.o)
 .comment       0x0000000000000023       0x24 ../nios_II_asp_bsp/\libhal_bsp.a(alt_get_fd.o)
 .comment       0x0000000000000023       0x24 ../nios_II_asp_bsp/\libhal_bsp.a(alt_icache_flush.o)
 .comment       0x0000000000000023       0x24 ../nios_II_asp_bsp/\libhal_bsp.a(alt_instruction_exception_entry.o)
 .comment       0x0000000000000023       0x24 c:/intelfpga_lite/18.1/nios2eds/bin/gnu/h-x86_64-mingw32/bin/../lib/gcc/nios2-elf/5.3.0/../../../../../H-x86_64-mingw32/nios2-elf/lib\libsmallc.a(lib_a-atexit.o)
 .comment       0x0000000000000023       0x24 c:/intelfpga_lite/18.1/nios2eds/bin/gnu/h-x86_64-mingw32/bin/../lib/gcc/nios2-elf/5.3.0/../../../../../H-x86_64-mingw32/nios2-elf/lib\libsmallc.a(lib_a-exit.o)
 .comment       0x0000000000000023       0x24 c:/intelfpga_lite/18.1/nios2eds/bin/gnu/h-x86_64-mingw32/bin/../lib/gcc/nios2-elf/5.3.0/../../../../../H-x86_64-mingw32/nios2-elf/lib\libsmallc.a(lib_a-int_errno.o)
 .comment       0x0000000000000023       0x24 c:/intelfpga_lite/18.1/nios2eds/bin/gnu/h-x86_64-mingw32/bin/../lib/gcc/nios2-elf/5.3.0/../../../../../H-x86_64-mingw32/nios2-elf/lib\libsmallc.a(lib_a-memcmp.o)
 .comment       0x0000000000000023       0x24 c:/intelfpga_lite/18.1/nios2eds/bin/gnu/h-x86_64-mingw32/bin/../lib/gcc/nios2-elf/5.3.0/../../../../../H-x86_64-mingw32/nios2-elf/lib\libsmallc.a(lib_a-strlen.o)
 .comment       0x0000000000000023       0x24 c:/intelfpga_lite/18.1/nios2eds/bin/gnu/h-x86_64-mingw32/bin/../lib/gcc/nios2-elf/5.3.0/../../../../../H-x86_64-mingw32/nios2-elf/lib\libsmallc.a(lib_a-__atexit.o)
 .comment       0x0000000000000023       0x24 c:/intelfpga_lite/18.1/nios2eds/bin/gnu/h-x86_64-mingw32/bin/../lib/gcc/nios2-elf/5.3.0/../../../../../H-x86_64-mingw32/nios2-elf/lib\libsmallc.a(lib_a-__call_atexit.o)
 .comment       0x0000000000000023       0x24 c:/intelfpga_lite/18.1/nios2eds/bin/gnu/h-x86_64-mingw32/bin/../lib/gcc/nios2-elf/5.3.0/../../../../../H-x86_64-mingw32/nios2-elf/lib\libsmallc.a(lib_a-impure.o)
 .comment       0x0000000000000023       0x24 ../nios_II_asp_bsp/\libhal_bsp.a(alt_exit.o)

.debug
 *(.debug)

.line
 *(.line)

.debug_srcinfo
 *(.debug_srcinfo)

.debug_sfnames
 *(.debug_sfnames)

.debug_aranges  0x0000000000000000      0x558
 *(.debug_aranges)
 .debug_aranges
                0x0000000000000000       0x28 ../nios_II_asp_bsp//obj/HAL/src/crt0.o
 .debug_aranges
                0x0000000000000028       0x20 obj/default/asp.o
 .debug_aranges
                0x0000000000000048       0x20 ../nios_II_asp_bsp/\libhal_bsp.a(alt_load.o)
 .debug_aranges
                0x0000000000000068       0x20 ../nios_II_asp_bsp/\libhal_bsp.a(alt_main.o)
 .debug_aranges
                0x0000000000000088       0x20 ../nios_II_asp_bsp/\libhal_bsp.a(alt_sys_init.o)
 .debug_aranges
                0x00000000000000a8       0x20 ../nios_II_asp_bsp/\libhal_bsp.a(altera_avalon_jtag_uart_fd.o)
 .debug_aranges
                0x00000000000000c8       0x20 ../nios_II_asp_bsp/\libhal_bsp.a(altera_avalon_jtag_uart_read.o)
 .debug_aranges
                0x00000000000000e8       0x20 ../nios_II_asp_bsp/\libhal_bsp.a(altera_avalon_jtag_uart_write.o)
 .debug_aranges
                0x0000000000000108       0x20 ../nios_II_asp_bsp/\libhal_bsp.a(altera_avalon_timer_sc.o)
 .debug_aranges
                0x0000000000000128       0x20 ../nios_II_asp_bsp/\libhal_bsp.a(alt_close.o)
 .debug_aranges
                0x0000000000000148       0x20 ../nios_II_asp_bsp/\libhal_bsp.a(alt_dcache_flush_all.o)
 .debug_aranges
                0x0000000000000168       0x20 ../nios_II_asp_bsp/\libhal_bsp.a(alt_dev.o)
 .debug_aranges
                0x0000000000000188       0x20 ../nios_II_asp_bsp/\libhal_bsp.a(alt_dev_llist_insert.o)
 .debug_aranges
                0x00000000000001a8       0x20 ../nios_II_asp_bsp/\libhal_bsp.a(alt_do_ctors.o)
 .debug_aranges
                0x00000000000001c8       0x20 ../nios_II_asp_bsp/\libhal_bsp.a(alt_do_dtors.o)
 .debug_aranges
                0x00000000000001e8       0x18 ../nios_II_asp_bsp/\libhal_bsp.a(alt_errno.o)
 .debug_aranges
                0x0000000000000200       0x20 ../nios_II_asp_bsp/\libhal_bsp.a(alt_icache_flush_all.o)
 .debug_aranges
                0x0000000000000220       0x20 ../nios_II_asp_bsp/\libhal_bsp.a(alt_iic.o)
 .debug_aranges
                0x0000000000000240       0x20 ../nios_II_asp_bsp/\libhal_bsp.a(alt_iic_isr_register.o)
 .debug_aranges
                0x0000000000000260       0x20 ../nios_II_asp_bsp/\libhal_bsp.a(alt_io_redirect.o)
 .debug_aranges
                0x0000000000000280       0x30 ../nios_II_asp_bsp/\libhal_bsp.a(alt_irq_entry.o)
 .debug_aranges
                0x00000000000002b0       0x20 ../nios_II_asp_bsp/\libhal_bsp.a(alt_irq_handler.o)
 .debug_aranges
                0x00000000000002d0       0x18 ../nios_II_asp_bsp/\libhal_bsp.a(alt_irq_vars.o)
 .debug_aranges
                0x00000000000002e8       0x20 ../nios_II_asp_bsp/\libhal_bsp.a(alt_open.o)
 .debug_aranges
                0x0000000000000308       0x20 ../nios_II_asp_bsp/\libhal_bsp.a(alt_release_fd.o)
 .debug_aranges
                0x0000000000000328       0x20 ../nios_II_asp_bsp/\libhal_bsp.a(alt_tick.o)
 .debug_aranges
                0x0000000000000348       0x20 ../nios_II_asp_bsp/\libhal_bsp.a(altera_nios2_gen2_irq.o)
 .debug_aranges
                0x0000000000000368       0x38 ../nios_II_asp_bsp/\libhal_bsp.a(alt_exception_entry.o)
 .debug_aranges
                0x00000000000003a0       0x20 ../nios_II_asp_bsp/\libhal_bsp.a(alt_find_dev.o)
 .debug_aranges
                0x00000000000003c0       0x20 ../nios_II_asp_bsp/\libhal_bsp.a(alt_find_file.o)
 .debug_aranges
                0x00000000000003e0       0x20 ../nios_II_asp_bsp/\libhal_bsp.a(alt_get_fd.o)
 .debug_aranges
                0x0000000000000400       0x20 ../nios_II_asp_bsp/\libhal_bsp.a(alt_icache_flush.o)
 .debug_aranges
                0x0000000000000420       0x28 ../nios_II_asp_bsp/\libhal_bsp.a(alt_instruction_exception_entry.o)
 .debug_aranges
                0x0000000000000448       0x20 c:/intelfpga_lite/18.1/nios2eds/bin/gnu/h-x86_64-mingw32/bin/../lib/gcc/nios2-elf/5.3.0/../../../../../H-x86_64-mingw32/nios2-elf/lib\libsmallc.a(lib_a-atexit.o)
 .debug_aranges
                0x0000000000000468       0x20 c:/intelfpga_lite/18.1/nios2eds/bin/gnu/h-x86_64-mingw32/bin/../lib/gcc/nios2-elf/5.3.0/../../../../../H-x86_64-mingw32/nios2-elf/lib\libsmallc.a(lib_a-exit.o)
 .debug_aranges
                0x0000000000000488       0x18 c:/intelfpga_lite/18.1/nios2eds/bin/gnu/h-x86_64-mingw32/bin/../lib/gcc/nios2-elf/5.3.0/../../../../../H-x86_64-mingw32/nios2-elf/lib\libsmallc.a(lib_a-int_errno.o)
 .debug_aranges
                0x00000000000004a0       0x20 c:/intelfpga_lite/18.1/nios2eds/bin/gnu/h-x86_64-mingw32/bin/../lib/gcc/nios2-elf/5.3.0/../../../../../H-x86_64-mingw32/nios2-elf/lib\libsmallc.a(lib_a-memcmp.o)
 .debug_aranges
                0x00000000000004c0       0x20 c:/intelfpga_lite/18.1/nios2eds/bin/gnu/h-x86_64-mingw32/bin/../lib/gcc/nios2-elf/5.3.0/../../../../../H-x86_64-mingw32/nios2-elf/lib\libsmallc.a(lib_a-strlen.o)
 .debug_aranges
                0x00000000000004e0       0x20 c:/intelfpga_lite/18.1/nios2eds/bin/gnu/h-x86_64-mingw32/bin/../lib/gcc/nios2-elf/5.3.0/../../../../../H-x86_64-mingw32/nios2-elf/lib\libsmallc.a(lib_a-__atexit.o)
 .debug_aranges
                0x0000000000000500       0x20 c:/intelfpga_lite/18.1/nios2eds/bin/gnu/h-x86_64-mingw32/bin/../lib/gcc/nios2-elf/5.3.0/../../../../../H-x86_64-mingw32/nios2-elf/lib\libsmallc.a(lib_a-__call_atexit.o)
 .debug_aranges
                0x0000000000000520       0x18 c:/intelfpga_lite/18.1/nios2eds/bin/gnu/h-x86_64-mingw32/bin/../lib/gcc/nios2-elf/5.3.0/../../../../../H-x86_64-mingw32/nios2-elf/lib\libsmallc.a(lib_a-impure.o)
 .debug_aranges
                0x0000000000000538       0x20 ../nios_II_asp_bsp/\libhal_bsp.a(alt_exit.o)

.debug_pubnames
 *(.debug_pubnames)

.debug_info     0x0000000000000000     0x5713
 *(.debug_info .gnu.linkonce.wi.*)
 .debug_info    0x0000000000000000       0x6c ../nios_II_asp_bsp//obj/HAL/src/crt0.o
 .debug_info    0x000000000000006c      0x156 obj/default/asp.o
 .debug_info    0x00000000000001c2      0x145 ../nios_II_asp_bsp/\libhal_bsp.a(alt_load.o)
 .debug_info    0x0000000000000307      0x131 ../nios_II_asp_bsp/\libhal_bsp.a(alt_main.o)
 .debug_info    0x0000000000000438      0x3df ../nios_II_asp_bsp/\libhal_bsp.a(alt_sys_init.o)
 .debug_info    0x0000000000000817      0x3a7 ../nios_II_asp_bsp/\libhal_bsp.a(altera_avalon_jtag_uart_fd.o)
 .debug_info    0x0000000000000bbe      0x1b2 ../nios_II_asp_bsp/\libhal_bsp.a(altera_avalon_jtag_uart_read.o)
 .debug_info    0x0000000000000d70      0x195 ../nios_II_asp_bsp/\libhal_bsp.a(altera_avalon_jtag_uart_write.o)
 .debug_info    0x0000000000000f05      0x226 ../nios_II_asp_bsp/\libhal_bsp.a(altera_avalon_timer_sc.o)
 .debug_info    0x000000000000112b      0x321 ../nios_II_asp_bsp/\libhal_bsp.a(alt_close.o)
 .debug_info    0x000000000000144c       0xa5 ../nios_II_asp_bsp/\libhal_bsp.a(alt_dcache_flush_all.o)
 .debug_info    0x00000000000014f1      0x49c ../nios_II_asp_bsp/\libhal_bsp.a(alt_dev.o)
 .debug_info    0x000000000000198d      0x1a9 ../nios_II_asp_bsp/\libhal_bsp.a(alt_dev_llist_insert.o)
 .debug_info    0x0000000000001b36       0x83 ../nios_II_asp_bsp/\libhal_bsp.a(alt_do_ctors.o)
 .debug_info    0x0000000000001bb9       0x83 ../nios_II_asp_bsp/\libhal_bsp.a(alt_do_dtors.o)
 .debug_info    0x0000000000001c3c       0xa6 ../nios_II_asp_bsp/\libhal_bsp.a(alt_errno.o)
 .debug_info    0x0000000000001ce2       0x92 ../nios_II_asp_bsp/\libhal_bsp.a(alt_icache_flush_all.o)
 .debug_info    0x0000000000001d74      0x350 ../nios_II_asp_bsp/\libhal_bsp.a(alt_iic.o)
 .debug_info    0x00000000000020c4      0x1ef ../nios_II_asp_bsp/\libhal_bsp.a(alt_iic_isr_register.o)
 .debug_info    0x00000000000022b3      0x4a5 ../nios_II_asp_bsp/\libhal_bsp.a(alt_io_redirect.o)
 .debug_info    0x0000000000002758       0x75 ../nios_II_asp_bsp/\libhal_bsp.a(alt_irq_entry.o)
 .debug_info    0x00000000000027cd      0x187 ../nios_II_asp_bsp/\libhal_bsp.a(alt_irq_handler.o)
 .debug_info    0x0000000000002954       0x88 ../nios_II_asp_bsp/\libhal_bsp.a(alt_irq_vars.o)
 .debug_info    0x00000000000029dc      0x3bb ../nios_II_asp_bsp/\libhal_bsp.a(alt_open.o)
 .debug_info    0x0000000000002d97      0x2b0 ../nios_II_asp_bsp/\libhal_bsp.a(alt_release_fd.o)
 .debug_info    0x0000000000003047      0x299 ../nios_II_asp_bsp/\libhal_bsp.a(alt_tick.o)
 .debug_info    0x00000000000032e0       0x92 ../nios_II_asp_bsp/\libhal_bsp.a(altera_nios2_gen2_irq.o)
 .debug_info    0x0000000000003372       0x7b ../nios_II_asp_bsp/\libhal_bsp.a(alt_exception_entry.o)
 .debug_info    0x00000000000033ed      0x2e9 ../nios_II_asp_bsp/\libhal_bsp.a(alt_find_dev.o)
 .debug_info    0x00000000000036d6      0x2e6 ../nios_II_asp_bsp/\libhal_bsp.a(alt_find_file.o)
 .debug_info    0x00000000000039bc      0x310 ../nios_II_asp_bsp/\libhal_bsp.a(alt_get_fd.o)
 .debug_info    0x0000000000003ccc       0xdc ../nios_II_asp_bsp/\libhal_bsp.a(alt_icache_flush.o)
 .debug_info    0x0000000000003da8      0x1e7 ../nios_II_asp_bsp/\libhal_bsp.a(alt_instruction_exception_entry.o)
 .debug_info    0x0000000000003f8f       0xfe c:/intelfpga_lite/18.1/nios2eds/bin/gnu/h-x86_64-mingw32/bin/../lib/gcc/nios2-elf/5.3.0/../../../../../H-x86_64-mingw32/nios2-elf/lib\libsmallc.a(lib_a-atexit.o)
 .debug_info    0x000000000000408d       0xe5 c:/intelfpga_lite/18.1/nios2eds/bin/gnu/h-x86_64-mingw32/bin/../lib/gcc/nios2-elf/5.3.0/../../../../../H-x86_64-mingw32/nios2-elf/lib\libsmallc.a(lib_a-exit.o)
 .debug_info    0x0000000000004172       0x8a c:/intelfpga_lite/18.1/nios2eds/bin/gnu/h-x86_64-mingw32/bin/../lib/gcc/nios2-elf/5.3.0/../../../../../H-x86_64-mingw32/nios2-elf/lib\libsmallc.a(lib_a-int_errno.o)
 .debug_info    0x00000000000041fc       0xf4 c:/intelfpga_lite/18.1/nios2eds/bin/gnu/h-x86_64-mingw32/bin/../lib/gcc/nios2-elf/5.3.0/../../../../../H-x86_64-mingw32/nios2-elf/lib\libsmallc.a(lib_a-memcmp.o)
 .debug_info    0x00000000000042f0       0xc9 c:/intelfpga_lite/18.1/nios2eds/bin/gnu/h-x86_64-mingw32/bin/../lib/gcc/nios2-elf/5.3.0/../../../../../H-x86_64-mingw32/nios2-elf/lib\libsmallc.a(lib_a-strlen.o)
 .debug_info    0x00000000000043b9      0x64a c:/intelfpga_lite/18.1/nios2eds/bin/gnu/h-x86_64-mingw32/bin/../lib/gcc/nios2-elf/5.3.0/../../../../../H-x86_64-mingw32/nios2-elf/lib\libsmallc.a(lib_a-__atexit.o)
 .debug_info    0x0000000000004a03      0x67b c:/intelfpga_lite/18.1/nios2eds/bin/gnu/h-x86_64-mingw32/bin/../lib/gcc/nios2-elf/5.3.0/../../../../../H-x86_64-mingw32/nios2-elf/lib\libsmallc.a(lib_a-__call_atexit.o)
 .debug_info    0x000000000000507e      0x5a9 c:/intelfpga_lite/18.1/nios2eds/bin/gnu/h-x86_64-mingw32/bin/../lib/gcc/nios2-elf/5.3.0/../../../../../H-x86_64-mingw32/nios2-elf/lib\libsmallc.a(lib_a-impure.o)
 .debug_info    0x0000000000005627       0xec ../nios_II_asp_bsp/\libhal_bsp.a(alt_exit.o)

.debug_abbrev   0x0000000000000000     0x21f6
 *(.debug_abbrev)
 .debug_abbrev  0x0000000000000000       0x12 ../nios_II_asp_bsp//obj/HAL/src/crt0.o
 .debug_abbrev  0x0000000000000012       0x94 obj/default/asp.o
 .debug_abbrev  0x00000000000000a6       0x9f ../nios_II_asp_bsp/\libhal_bsp.a(alt_load.o)
 .debug_abbrev  0x0000000000000145       0xba ../nios_II_asp_bsp/\libhal_bsp.a(alt_main.o)
 .debug_abbrev  0x00000000000001ff      0x157 ../nios_II_asp_bsp/\libhal_bsp.a(alt_sys_init.o)
 .debug_abbrev  0x0000000000000356       0xf7 ../nios_II_asp_bsp/\libhal_bsp.a(altera_avalon_jtag_uart_fd.o)
 .debug_abbrev  0x000000000000044d       0xd5 ../nios_II_asp_bsp/\libhal_bsp.a(altera_avalon_jtag_uart_read.o)
 .debug_abbrev  0x0000000000000522       0xd5 ../nios_II_asp_bsp/\libhal_bsp.a(altera_avalon_jtag_uart_write.o)
 .debug_abbrev  0x00000000000005f7      0x155 ../nios_II_asp_bsp/\libhal_bsp.a(altera_avalon_timer_sc.o)
 .debug_abbrev  0x000000000000074c      0x11f ../nios_II_asp_bsp/\libhal_bsp.a(alt_close.o)
 .debug_abbrev  0x000000000000086b       0x5a ../nios_II_asp_bsp/\libhal_bsp.a(alt_dcache_flush_all.o)
 .debug_abbrev  0x00000000000008c5       0xd9 ../nios_II_asp_bsp/\libhal_bsp.a(alt_dev.o)
 .debug_abbrev  0x000000000000099e      0x114 ../nios_II_asp_bsp/\libhal_bsp.a(alt_dev_llist_insert.o)
 .debug_abbrev  0x0000000000000ab2       0x79 ../nios_II_asp_bsp/\libhal_bsp.a(alt_do_ctors.o)
 .debug_abbrev  0x0000000000000b2b       0x79 ../nios_II_asp_bsp/\libhal_bsp.a(alt_do_dtors.o)
 .debug_abbrev  0x0000000000000ba4       0x5a ../nios_II_asp_bsp/\libhal_bsp.a(alt_errno.o)
 .debug_abbrev  0x0000000000000bfe       0x42 ../nios_II_asp_bsp/\libhal_bsp.a(alt_icache_flush_all.o)
 .debug_abbrev  0x0000000000000c40      0x163 ../nios_II_asp_bsp/\libhal_bsp.a(alt_iic.o)
 .debug_abbrev  0x0000000000000da3      0x169 ../nios_II_asp_bsp/\libhal_bsp.a(alt_iic_isr_register.o)
 .debug_abbrev  0x0000000000000f0c      0x114 ../nios_II_asp_bsp/\libhal_bsp.a(alt_io_redirect.o)
 .debug_abbrev  0x0000000000001020       0x12 ../nios_II_asp_bsp/\libhal_bsp.a(alt_irq_entry.o)
 .debug_abbrev  0x0000000000001032      0x122 ../nios_II_asp_bsp/\libhal_bsp.a(alt_irq_handler.o)
 .debug_abbrev  0x0000000000001154       0x40 ../nios_II_asp_bsp/\libhal_bsp.a(alt_irq_vars.o)
 .debug_abbrev  0x0000000000001194      0x148 ../nios_II_asp_bsp/\libhal_bsp.a(alt_open.o)
 .debug_abbrev  0x00000000000012dc       0xde ../nios_II_asp_bsp/\libhal_bsp.a(alt_release_fd.o)
 .debug_abbrev  0x00000000000013ba      0x15a ../nios_II_asp_bsp/\libhal_bsp.a(alt_tick.o)
 .debug_abbrev  0x0000000000001514       0x42 ../nios_II_asp_bsp/\libhal_bsp.a(altera_nios2_gen2_irq.o)
 .debug_abbrev  0x0000000000001556       0x12 ../nios_II_asp_bsp/\libhal_bsp.a(alt_exception_entry.o)
 .debug_abbrev  0x0000000000001568       0xf0 ../nios_II_asp_bsp/\libhal_bsp.a(alt_find_dev.o)
 .debug_abbrev  0x0000000000001658       0xf0 ../nios_II_asp_bsp/\libhal_bsp.a(alt_find_file.o)
 .debug_abbrev  0x0000000000001748      0x10d ../nios_II_asp_bsp/\libhal_bsp.a(alt_get_fd.o)
 .debug_abbrev  0x0000000000001855       0x8c ../nios_II_asp_bsp/\libhal_bsp.a(alt_icache_flush.o)
 .debug_abbrev  0x00000000000018e1       0xdc ../nios_II_asp_bsp/\libhal_bsp.a(alt_instruction_exception_entry.o)
 .debug_abbrev  0x00000000000019bd       0xaa c:/intelfpga_lite/18.1/nios2eds/bin/gnu/h-x86_64-mingw32/bin/../lib/gcc/nios2-elf/5.3.0/../../../../../H-x86_64-mingw32/nios2-elf/lib\libsmallc.a(lib_a-atexit.o)
 .debug_abbrev  0x0000000000001a67       0x8b c:/intelfpga_lite/18.1/nios2eds/bin/gnu/h-x86_64-mingw32/bin/../lib/gcc/nios2-elf/5.3.0/../../../../../H-x86_64-mingw32/nios2-elf/lib\libsmallc.a(lib_a-exit.o)
 .debug_abbrev  0x0000000000001af2       0x37 c:/intelfpga_lite/18.1/nios2eds/bin/gnu/h-x86_64-mingw32/bin/../lib/gcc/nios2-elf/5.3.0/../../../../../H-x86_64-mingw32/nios2-elf/lib\libsmallc.a(lib_a-int_errno.o)
 .debug_abbrev  0x0000000000001b29       0x7f c:/intelfpga_lite/18.1/nios2eds/bin/gnu/h-x86_64-mingw32/bin/../lib/gcc/nios2-elf/5.3.0/../../../../../H-x86_64-mingw32/nios2-elf/lib\libsmallc.a(lib_a-memcmp.o)
 .debug_abbrev  0x0000000000001ba8       0x7f c:/intelfpga_lite/18.1/nios2eds/bin/gnu/h-x86_64-mingw32/bin/../lib/gcc/nios2-elf/5.3.0/../../../../../H-x86_64-mingw32/nios2-elf/lib\libsmallc.a(lib_a-strlen.o)
 .debug_abbrev  0x0000000000001c27      0x1e6 c:/intelfpga_lite/18.1/nios2eds/bin/gnu/h-x86_64-mingw32/bin/../lib/gcc/nios2-elf/5.3.0/../../../../../H-x86_64-mingw32/nios2-elf/lib\libsmallc.a(lib_a-__atexit.o)
 .debug_abbrev  0x0000000000001e0d      0x1f6 c:/intelfpga_lite/18.1/nios2eds/bin/gnu/h-x86_64-mingw32/bin/../lib/gcc/nios2-elf/5.3.0/../../../../../H-x86_64-mingw32/nios2-elf/lib\libsmallc.a(lib_a-__call_atexit.o)
 .debug_abbrev  0x0000000000002003      0x14a c:/intelfpga_lite/18.1/nios2eds/bin/gnu/h-x86_64-mingw32/bin/../lib/gcc/nios2-elf/5.3.0/../../../../../H-x86_64-mingw32/nios2-elf/lib\libsmallc.a(lib_a-impure.o)
 .debug_abbrev  0x000000000000214d       0xa9 ../nios_II_asp_bsp/\libhal_bsp.a(alt_exit.o)

.debug_line     0x0000000000000000     0x23b1
 *(.debug_line)
 .debug_line    0x0000000000000000       0x72 ../nios_II_asp_bsp//obj/HAL/src/crt0.o
 .debug_line    0x0000000000000072       0xd7 obj/default/asp.o
 .debug_line    0x0000000000000149       0x8e ../nios_II_asp_bsp/\libhal_bsp.a(alt_load.o)
 .debug_line    0x00000000000001d7       0xa4 ../nios_II_asp_bsp/\libhal_bsp.a(alt_main.o)
 .debug_line    0x000000000000027b      0x141 ../nios_II_asp_bsp/\libhal_bsp.a(alt_sys_init.o)
 .debug_line    0x00000000000003bc      0x112 ../nios_II_asp_bsp/\libhal_bsp.a(altera_avalon_jtag_uart_fd.o)
 .debug_line    0x00000000000004ce       0xfd ../nios_II_asp_bsp/\libhal_bsp.a(altera_avalon_jtag_uart_read.o)
 .debug_line    0x00000000000005cb       0xf4 ../nios_II_asp_bsp/\libhal_bsp.a(altera_avalon_jtag_uart_write.o)
 .debug_line    0x00000000000006bf       0xfd ../nios_II_asp_bsp/\libhal_bsp.a(altera_avalon_timer_sc.o)
 .debug_line    0x00000000000007bc      0x165 ../nios_II_asp_bsp/\libhal_bsp.a(alt_close.o)
 .debug_line    0x0000000000000921       0x61 ../nios_II_asp_bsp/\libhal_bsp.a(alt_dcache_flush_all.o)
 .debug_line    0x0000000000000982       0xf8 ../nios_II_asp_bsp/\libhal_bsp.a(alt_dev.o)
 .debug_line    0x0000000000000a7a       0xcf ../nios_II_asp_bsp/\libhal_bsp.a(alt_dev_llist_insert.o)
 .debug_line    0x0000000000000b49       0x59 ../nios_II_asp_bsp/\libhal_bsp.a(alt_do_ctors.o)
 .debug_line    0x0000000000000ba2       0x59 ../nios_II_asp_bsp/\libhal_bsp.a(alt_do_dtors.o)
 .debug_line    0x0000000000000bfb       0x51 ../nios_II_asp_bsp/\libhal_bsp.a(alt_errno.o)
 .debug_line    0x0000000000000c4c       0x50 ../nios_II_asp_bsp/\libhal_bsp.a(alt_icache_flush_all.o)
 .debug_line    0x0000000000000c9c       0xeb ../nios_II_asp_bsp/\libhal_bsp.a(alt_iic.o)
 .debug_line    0x0000000000000d87       0xdb ../nios_II_asp_bsp/\libhal_bsp.a(alt_iic_isr_register.o)
 .debug_line    0x0000000000000e62      0x133 ../nios_II_asp_bsp/\libhal_bsp.a(alt_io_redirect.o)
 .debug_line    0x0000000000000f95       0x6b ../nios_II_asp_bsp/\libhal_bsp.a(alt_irq_entry.o)
 .debug_line    0x0000000000001000       0xaa ../nios_II_asp_bsp/\libhal_bsp.a(alt_irq_handler.o)
 .debug_line    0x00000000000010aa       0x50 ../nios_II_asp_bsp/\libhal_bsp.a(alt_irq_vars.o)
 .debug_line    0x00000000000010fa      0x128 ../nios_II_asp_bsp/\libhal_bsp.a(alt_open.o)
 .debug_line    0x0000000000001222       0xae ../nios_II_asp_bsp/\libhal_bsp.a(alt_release_fd.o)
 .debug_line    0x00000000000012d0       0xff ../nios_II_asp_bsp/\libhal_bsp.a(alt_tick.o)
 .debug_line    0x00000000000013cf       0x51 ../nios_II_asp_bsp/\libhal_bsp.a(altera_nios2_gen2_irq.o)
 .debug_line    0x0000000000001420       0xb3 ../nios_II_asp_bsp/\libhal_bsp.a(alt_exception_entry.o)
 .debug_line    0x00000000000014d3       0xb5 ../nios_II_asp_bsp/\libhal_bsp.a(alt_find_dev.o)
 .debug_line    0x0000000000001588       0xd1 ../nios_II_asp_bsp/\libhal_bsp.a(alt_find_file.o)
 .debug_line    0x0000000000001659       0xd4 ../nios_II_asp_bsp/\libhal_bsp.a(alt_get_fd.o)
 .debug_line    0x000000000000172d       0x81 ../nios_II_asp_bsp/\libhal_bsp.a(alt_icache_flush.o)
 .debug_line    0x00000000000017ae       0xba ../nios_II_asp_bsp/\libhal_bsp.a(alt_instruction_exception_entry.o)
 .debug_line    0x0000000000001868       0xe4 c:/intelfpga_lite/18.1/nios2eds/bin/gnu/h-x86_64-mingw32/bin/../lib/gcc/nios2-elf/5.3.0/../../../../../H-x86_64-mingw32/nios2-elf/lib\libsmallc.a(lib_a-atexit.o)
 .debug_line    0x000000000000194c      0x156 c:/intelfpga_lite/18.1/nios2eds/bin/gnu/h-x86_64-mingw32/bin/../lib/gcc/nios2-elf/5.3.0/../../../../../H-x86_64-mingw32/nios2-elf/lib\libsmallc.a(lib_a-exit.o)
 .debug_line    0x0000000000001aa2       0x5c c:/intelfpga_lite/18.1/nios2eds/bin/gnu/h-x86_64-mingw32/bin/../lib/gcc/nios2-elf/5.3.0/../../../../../H-x86_64-mingw32/nios2-elf/lib\libsmallc.a(lib_a-int_errno.o)
 .debug_line    0x0000000000001afe      0x15d c:/intelfpga_lite/18.1/nios2eds/bin/gnu/h-x86_64-mingw32/bin/../lib/gcc/nios2-elf/5.3.0/../../../../../H-x86_64-mingw32/nios2-elf/lib\libsmallc.a(lib_a-memcmp.o)
 .debug_line    0x0000000000001c5b      0x159 c:/intelfpga_lite/18.1/nios2eds/bin/gnu/h-x86_64-mingw32/bin/../lib/gcc/nios2-elf/5.3.0/../../../../../H-x86_64-mingw32/nios2-elf/lib\libsmallc.a(lib_a-strlen.o)
 .debug_line    0x0000000000001db4      0x20a c:/intelfpga_lite/18.1/nios2eds/bin/gnu/h-x86_64-mingw32/bin/../lib/gcc/nios2-elf/5.3.0/../../../../../H-x86_64-mingw32/nios2-elf/lib\libsmallc.a(lib_a-__atexit.o)
 .debug_line    0x0000000000001fbe      0x22f c:/intelfpga_lite/18.1/nios2eds/bin/gnu/h-x86_64-mingw32/bin/../lib/gcc/nios2-elf/5.3.0/../../../../../H-x86_64-mingw32/nios2-elf/lib\libsmallc.a(lib_a-__call_atexit.o)
 .debug_line    0x00000000000021ed      0x153 c:/intelfpga_lite/18.1/nios2eds/bin/gnu/h-x86_64-mingw32/bin/../lib/gcc/nios2-elf/5.3.0/../../../../../H-x86_64-mingw32/nios2-elf/lib\libsmallc.a(lib_a-impure.o)
 .debug_line    0x0000000000002340       0x71 ../nios_II_asp_bsp/\libhal_bsp.a(alt_exit.o)

.debug_frame    0x0000000000000000      0x974
 *(.debug_frame)
 .debug_frame   0x0000000000000000       0x2c obj/default/asp.o
 .debug_frame   0x000000000000002c       0x5c ../nios_II_asp_bsp/\libhal_bsp.a(alt_load.o)
 .debug_frame   0x0000000000000088       0x2c ../nios_II_asp_bsp/\libhal_bsp.a(alt_main.o)
 .debug_frame   0x00000000000000b4       0x88 ../nios_II_asp_bsp/\libhal_bsp.a(alt_sys_init.o)
 .debug_frame   0x000000000000013c       0x60 ../nios_II_asp_bsp/\libhal_bsp.a(altera_avalon_jtag_uart_fd.o)
 .debug_frame   0x000000000000019c       0x34 ../nios_II_asp_bsp/\libhal_bsp.a(altera_avalon_jtag_uart_read.o)
 .debug_frame   0x00000000000001d0       0x34 ../nios_II_asp_bsp/\libhal_bsp.a(altera_avalon_jtag_uart_write.o)
 .debug_frame   0x0000000000000204       0x60 ../nios_II_asp_bsp/\libhal_bsp.a(altera_avalon_timer_sc.o)
 .debug_frame   0x0000000000000264       0x60 ../nios_II_asp_bsp/\libhal_bsp.a(alt_close.o)
 .debug_frame   0x00000000000002c4       0x34 ../nios_II_asp_bsp/\libhal_bsp.a(alt_dcache_flush_all.o)
 .debug_frame   0x00000000000002f8       0x34 ../nios_II_asp_bsp/\libhal_bsp.a(alt_dev.o)
 .debug_frame   0x000000000000032c       0x60 ../nios_II_asp_bsp/\libhal_bsp.a(alt_dev_llist_insert.o)
 .debug_frame   0x000000000000038c       0x38 ../nios_II_asp_bsp/\libhal_bsp.a(alt_do_ctors.o)
 .debug_frame   0x00000000000003c4       0x38 ../nios_II_asp_bsp/\libhal_bsp.a(alt_do_dtors.o)
 .debug_frame   0x00000000000003fc       0x38 ../nios_II_asp_bsp/\libhal_bsp.a(alt_icache_flush_all.o)
 .debug_frame   0x0000000000000434       0xa4 ../nios_II_asp_bsp/\libhal_bsp.a(alt_iic.o)
 .debug_frame   0x00000000000004d8       0x38 ../nios_II_asp_bsp/\libhal_bsp.a(alt_iic_isr_register.o)
 .debug_frame   0x0000000000000510       0x60 ../nios_II_asp_bsp/\libhal_bsp.a(alt_io_redirect.o)
 .debug_frame   0x0000000000000570       0x38 ../nios_II_asp_bsp/\libhal_bsp.a(alt_irq_handler.o)
 .debug_frame   0x00000000000005a8       0x84 ../nios_II_asp_bsp/\libhal_bsp.a(alt_open.o)
 .debug_frame   0x000000000000062c       0x34 ../nios_II_asp_bsp/\libhal_bsp.a(alt_release_fd.o)
 .debug_frame   0x0000000000000660       0x5c ../nios_II_asp_bsp/\libhal_bsp.a(alt_tick.o)
 .debug_frame   0x00000000000006bc       0x34 ../nios_II_asp_bsp/\libhal_bsp.a(altera_nios2_gen2_irq.o)
 .debug_frame   0x00000000000006f0       0x38 ../nios_II_asp_bsp/\libhal_bsp.a(alt_find_dev.o)
 .debug_frame   0x0000000000000728       0x38 ../nios_II_asp_bsp/\libhal_bsp.a(alt_find_file.o)
 .debug_frame   0x0000000000000760       0x34 ../nios_II_asp_bsp/\libhal_bsp.a(alt_get_fd.o)
 .debug_frame   0x0000000000000794       0x34 ../nios_II_asp_bsp/\libhal_bsp.a(alt_icache_flush.o)
 .debug_frame   0x00000000000007c8       0x5c ../nios_II_asp_bsp/\libhal_bsp.a(alt_instruction_exception_entry.o)
 .debug_frame   0x0000000000000824       0x20 c:/intelfpga_lite/18.1/nios2eds/bin/gnu/h-x86_64-mingw32/bin/../lib/gcc/nios2-elf/5.3.0/../../../../../H-x86_64-mingw32/nios2-elf/lib\libsmallc.a(lib_a-atexit.o)
 .debug_frame   0x0000000000000844       0x28 c:/intelfpga_lite/18.1/nios2eds/bin/gnu/h-x86_64-mingw32/bin/../lib/gcc/nios2-elf/5.3.0/../../../../../H-x86_64-mingw32/nios2-elf/lib\libsmallc.a(lib_a-exit.o)
 .debug_frame   0x000000000000086c       0x20 c:/intelfpga_lite/18.1/nios2eds/bin/gnu/h-x86_64-mingw32/bin/../lib/gcc/nios2-elf/5.3.0/../../../../../H-x86_64-mingw32/nios2-elf/lib\libsmallc.a(lib_a-memcmp.o)
 .debug_frame   0x000000000000088c       0x20 c:/intelfpga_lite/18.1/nios2eds/bin/gnu/h-x86_64-mingw32/bin/../lib/gcc/nios2-elf/5.3.0/../../../../../H-x86_64-mingw32/nios2-elf/lib\libsmallc.a(lib_a-strlen.o)
 .debug_frame   0x00000000000008ac       0x48 c:/intelfpga_lite/18.1/nios2eds/bin/gnu/h-x86_64-mingw32/bin/../lib/gcc/nios2-elf/5.3.0/../../../../../H-x86_64-mingw32/nios2-elf/lib\libsmallc.a(lib_a-__atexit.o)
 .debug_frame   0x00000000000008f4       0x54 c:/intelfpga_lite/18.1/nios2eds/bin/gnu/h-x86_64-mingw32/bin/../lib/gcc/nios2-elf/5.3.0/../../../../../H-x86_64-mingw32/nios2-elf/lib\libsmallc.a(lib_a-__call_atexit.o)
 .debug_frame   0x0000000000000948       0x2c ../nios_II_asp_bsp/\libhal_bsp.a(alt_exit.o)

.debug_str      0x0000000000000000     0x17f0
 *(.debug_str)
 .debug_str     0x0000000000000000      0x12b obj/default/asp.o
                                        0x16f (size before relaxing)
 .debug_str     0x000000000000012b      0x129 ../nios_II_asp_bsp/\libhal_bsp.a(alt_load.o)
                                        0x20d (size before relaxing)
 .debug_str     0x0000000000000254       0x70 ../nios_II_asp_bsp/\libhal_bsp.a(alt_main.o)
                                        0x198 (size before relaxing)
 .debug_str     0x00000000000002c4      0x18a ../nios_II_asp_bsp/\libhal_bsp.a(alt_sys_init.o)
                                        0x307 (size before relaxing)
 .debug_str     0x000000000000044e       0x77 ../nios_II_asp_bsp/\libhal_bsp.a(altera_avalon_jtag_uart_fd.o)
                                        0x2d0 (size before relaxing)
 .debug_str     0x00000000000004c5       0x48 ../nios_II_asp_bsp/\libhal_bsp.a(altera_avalon_jtag_uart_read.o)
                                        0x21a (size before relaxing)
 .debug_str     0x000000000000050d       0x4a ../nios_II_asp_bsp/\libhal_bsp.a(altera_avalon_jtag_uart_write.o)
                                        0x210 (size before relaxing)
 .debug_str     0x0000000000000557       0xb6 ../nios_II_asp_bsp/\libhal_bsp.a(altera_avalon_timer_sc.o)
                                        0x246 (size before relaxing)
 .debug_str     0x000000000000060d       0x44 ../nios_II_asp_bsp/\libhal_bsp.a(alt_close.o)
                                        0x206 (size before relaxing)
 .debug_str     0x0000000000000651       0x34 ../nios_II_asp_bsp/\libhal_bsp.a(alt_dcache_flush_all.o)
                                        0x150 (size before relaxing)
 .debug_str     0x0000000000000685      0x120 ../nios_II_asp_bsp/\libhal_bsp.a(alt_dev.o)
                                        0x300 (size before relaxing)
 .debug_str     0x00000000000007a5       0x45 ../nios_II_asp_bsp/\libhal_bsp.a(alt_dev_llist_insert.o)
                                        0x1c7 (size before relaxing)
 .debug_str     0x00000000000007ea       0x48 ../nios_II_asp_bsp/\libhal_bsp.a(alt_do_ctors.o)
                                         0xcb (size before relaxing)
 .debug_str     0x0000000000000832       0x4c ../nios_II_asp_bsp/\libhal_bsp.a(alt_do_dtors.o)
                                         0xca (size before relaxing)
 .debug_str     0x000000000000087e       0x14 ../nios_II_asp_bsp/\libhal_bsp.a(alt_errno.o)
                                        0x140 (size before relaxing)
 .debug_str     0x0000000000000892       0x34 ../nios_II_asp_bsp/\libhal_bsp.a(alt_icache_flush_all.o)
                                        0x150 (size before relaxing)
 .debug_str     0x00000000000008c6       0xc4 ../nios_II_asp_bsp/\libhal_bsp.a(alt_iic.o)
                                        0x239 (size before relaxing)
 .debug_str     0x000000000000098a       0x4c ../nios_II_asp_bsp/\libhal_bsp.a(alt_iic_isr_register.o)
                                        0x1e3 (size before relaxing)
 .debug_str     0x00000000000009d6       0x56 ../nios_II_asp_bsp/\libhal_bsp.a(alt_io_redirect.o)
                                        0x311 (size before relaxing)
 .debug_str     0x0000000000000a2c       0x3a ../nios_II_asp_bsp/\libhal_bsp.a(alt_irq_handler.o)
                                        0x192 (size before relaxing)
 .debug_str     0x0000000000000a66       0x17 ../nios_II_asp_bsp/\libhal_bsp.a(alt_irq_vars.o)
                                        0x135 (size before relaxing)
 .debug_str     0x0000000000000a7d       0x2f ../nios_II_asp_bsp/\libhal_bsp.a(alt_open.o)
                                        0x246 (size before relaxing)
 .debug_str     0x0000000000000aac       0x28 ../nios_II_asp_bsp/\libhal_bsp.a(alt_release_fd.o)
                                        0x1ce (size before relaxing)
 .debug_str     0x0000000000000ad4       0x78 ../nios_II_asp_bsp/\libhal_bsp.a(alt_tick.o)
                                        0x24d (size before relaxing)
 .debug_str     0x0000000000000b4c       0x3b ../nios_II_asp_bsp/\libhal_bsp.a(altera_nios2_gen2_irq.o)
                                        0x157 (size before relaxing)
 .debug_str     0x0000000000000b87       0x24 ../nios_II_asp_bsp/\libhal_bsp.a(alt_find_dev.o)
                                        0x1e7 (size before relaxing)
 .debug_str     0x0000000000000bab       0x26 ../nios_II_asp_bsp/\libhal_bsp.a(alt_find_file.o)
                                        0x1f5 (size before relaxing)
 .debug_str     0x0000000000000bd1       0x30 ../nios_II_asp_bsp/\libhal_bsp.a(alt_get_fd.o)
                                        0x217 (size before relaxing)
 .debug_str     0x0000000000000c01       0x2c ../nios_II_asp_bsp/\libhal_bsp.a(alt_icache_flush.o)
                                        0x156 (size before relaxing)
 .debug_str     0x0000000000000c2d      0x48b ../nios_II_asp_bsp/\libhal_bsp.a(alt_instruction_exception_entry.o)
                                        0x59b (size before relaxing)
 .debug_str     0x00000000000010b8      0x15d c:/intelfpga_lite/18.1/nios2eds/bin/gnu/h-x86_64-mingw32/bin/../lib/gcc/nios2-elf/5.3.0/../../../../../H-x86_64-mingw32/nios2-elf/lib\libsmallc.a(lib_a-atexit.o)
                                        0x202 (size before relaxing)
 .debug_str     0x0000000000001215       0x49 c:/intelfpga_lite/18.1/nios2eds/bin/gnu/h-x86_64-mingw32/bin/../lib/gcc/nios2-elf/5.3.0/../../../../../H-x86_64-mingw32/nios2-elf/lib\libsmallc.a(lib_a-exit.o)
                                        0x1d6 (size before relaxing)
 .debug_str     0x000000000000125e       0xc5 c:/intelfpga_lite/18.1/nios2eds/bin/gnu/h-x86_64-mingw32/bin/../lib/gcc/nios2-elf/5.3.0/../../../../../H-x86_64-mingw32/nios2-elf/lib\libsmallc.a(lib_a-int_errno.o)
                                        0x1be (size before relaxing)
 .debug_str     0x0000000000001323       0xd2 c:/intelfpga_lite/18.1/nios2eds/bin/gnu/h-x86_64-mingw32/bin/../lib/gcc/nios2-elf/5.3.0/../../../../../H-x86_64-mingw32/nios2-elf/lib\libsmallc.a(lib_a-memcmp.o)
                                        0x1c5 (size before relaxing)
 .debug_str     0x00000000000013f5       0x41 c:/intelfpga_lite/18.1/nios2eds/bin/gnu/h-x86_64-mingw32/bin/../lib/gcc/nios2-elf/5.3.0/../../../../../H-x86_64-mingw32/nios2-elf/lib\libsmallc.a(lib_a-strlen.o)
                                        0x1cb (size before relaxing)
 .debug_str     0x0000000000001436      0x2e9 c:/intelfpga_lite/18.1/nios2eds/bin/gnu/h-x86_64-mingw32/bin/../lib/gcc/nios2-elf/5.3.0/../../../../../H-x86_64-mingw32/nios2-elf/lib\libsmallc.a(lib_a-__atexit.o)
                                        0x4e5 (size before relaxing)
 .debug_str     0x000000000000171f       0x62 c:/intelfpga_lite/18.1/nios2eds/bin/gnu/h-x86_64-mingw32/bin/../lib/gcc/nios2-elf/5.3.0/../../../../../H-x86_64-mingw32/nios2-elf/lib\libsmallc.a(lib_a-__call_atexit.o)
                                        0x4d1 (size before relaxing)
 .debug_str     0x0000000000001781       0x45 c:/intelfpga_lite/18.1/nios2eds/bin/gnu/h-x86_64-mingw32/bin/../lib/gcc/nios2-elf/5.3.0/../../../../../H-x86_64-mingw32/nios2-elf/lib\libsmallc.a(lib_a-impure.o)
                                        0x4a4 (size before relaxing)
 .debug_str     0x00000000000017c6       0x2a ../nios_II_asp_bsp/\libhal_bsp.a(alt_exit.o)
                                        0x14c (size before relaxing)

.debug_loc      0x0000000000000000      0x413
 *(.debug_loc)
 .debug_loc     0x0000000000000000       0x2c c:/intelfpga_lite/18.1/nios2eds/bin/gnu/h-x86_64-mingw32/bin/../lib/gcc/nios2-elf/5.3.0/../../../../../H-x86_64-mingw32/nios2-elf/lib\libsmallc.a(lib_a-atexit.o)
 .debug_loc     0x000000000000002c       0x1e c:/intelfpga_lite/18.1/nios2eds/bin/gnu/h-x86_64-mingw32/bin/../lib/gcc/nios2-elf/5.3.0/../../../../../H-x86_64-mingw32/nios2-elf/lib\libsmallc.a(lib_a-exit.o)
 .debug_loc     0x000000000000004a       0x94 c:/intelfpga_lite/18.1/nios2eds/bin/gnu/h-x86_64-mingw32/bin/../lib/gcc/nios2-elf/5.3.0/../../../../../H-x86_64-mingw32/nios2-elf/lib\libsmallc.a(lib_a-memcmp.o)
 .debug_loc     0x00000000000000de       0x1e c:/intelfpga_lite/18.1/nios2eds/bin/gnu/h-x86_64-mingw32/bin/../lib/gcc/nios2-elf/5.3.0/../../../../../H-x86_64-mingw32/nios2-elf/lib\libsmallc.a(lib_a-strlen.o)
 .debug_loc     0x00000000000000fc      0x1c0 c:/intelfpga_lite/18.1/nios2eds/bin/gnu/h-x86_64-mingw32/bin/../lib/gcc/nios2-elf/5.3.0/../../../../../H-x86_64-mingw32/nios2-elf/lib\libsmallc.a(lib_a-__atexit.o)
 .debug_loc     0x00000000000002bc      0x157 c:/intelfpga_lite/18.1/nios2eds/bin/gnu/h-x86_64-mingw32/bin/../lib/gcc/nios2-elf/5.3.0/../../../../../H-x86_64-mingw32/nios2-elf/lib\libsmallc.a(lib_a-__call_atexit.o)

.debug_macinfo
 *(.debug_macinfo)

.debug_weaknames
 *(.debug_weaknames)

.debug_funcnames
 *(.debug_funcnames)

.debug_typenames
 *(.debug_typenames)

.debug_varnames
 *(.debug_varnames)

.debug_alt_sim_info
                0x0000000000000000       0x30
 *(.debug_alt_sim_info)
 .debug_alt_sim_info
                0x0000000000000000       0x30 ../nios_II_asp_bsp//obj/HAL/src/crt0.o
                0x000000000000d000                __alt_data_end = 0xd000
                0x000000000000d000                PROVIDE (__alt_stack_pointer, __alt_data_end)
                [!provide]                        PROVIDE (__alt_stack_limit, __alt_stack_base)
                [!provide]                        PROVIDE (__alt_heap_start, end)
                [!provide]                        PROVIDE (__alt_heap_limit, 0xd000)
OUTPUT(nios_II_asp.elf elf32-littlenios2)

.debug_ranges   0x0000000000000000      0x130
 .debug_ranges  0x0000000000000000       0x20 ../nios_II_asp_bsp//obj/HAL/src/crt0.o
 .debug_ranges  0x0000000000000020       0x18 ../nios_II_asp_bsp/\libhal_bsp.a(altera_avalon_jtag_uart_read.o)
 .debug_ranges  0x0000000000000038       0x28 ../nios_II_asp_bsp/\libhal_bsp.a(alt_irq_entry.o)
 .debug_ranges  0x0000000000000060       0x10 ../nios_II_asp_bsp/\libhal_bsp.a(alt_irq_handler.o)
 .debug_ranges  0x0000000000000070       0x30 ../nios_II_asp_bsp/\libhal_bsp.a(alt_exception_entry.o)
 .debug_ranges  0x00000000000000a0       0x18 ../nios_II_asp_bsp/\libhal_bsp.a(alt_instruction_exception_entry.o)
 .debug_ranges  0x00000000000000b8       0x10 c:/intelfpga_lite/18.1/nios2eds/bin/gnu/h-x86_64-mingw32/bin/../lib/gcc/nios2-elf/5.3.0/../../../../../H-x86_64-mingw32/nios2-elf/lib\libsmallc.a(lib_a-atexit.o)
 .debug_ranges  0x00000000000000c8       0x10 c:/intelfpga_lite/18.1/nios2eds/bin/gnu/h-x86_64-mingw32/bin/../lib/gcc/nios2-elf/5.3.0/../../../../../H-x86_64-mingw32/nios2-elf/lib\libsmallc.a(lib_a-exit.o)
 .debug_ranges  0x00000000000000d8       0x10 c:/intelfpga_lite/18.1/nios2eds/bin/gnu/h-x86_64-mingw32/bin/../lib/gcc/nios2-elf/5.3.0/../../../../../H-x86_64-mingw32/nios2-elf/lib\libsmallc.a(lib_a-memcmp.o)
 .debug_ranges  0x00000000000000e8       0x10 c:/intelfpga_lite/18.1/nios2eds/bin/gnu/h-x86_64-mingw32/bin/../lib/gcc/nios2-elf/5.3.0/../../../../../H-x86_64-mingw32/nios2-elf/lib\libsmallc.a(lib_a-strlen.o)
 .debug_ranges  0x00000000000000f8       0x10 c:/intelfpga_lite/18.1/nios2eds/bin/gnu/h-x86_64-mingw32/bin/../lib/gcc/nios2-elf/5.3.0/../../../../../H-x86_64-mingw32/nios2-elf/lib\libsmallc.a(lib_a-__atexit.o)
 .debug_ranges  0x0000000000000108       0x28 c:/intelfpga_lite/18.1/nios2eds/bin/gnu/h-x86_64-mingw32/bin/../lib/gcc/nios2-elf/5.3.0/../../../../../H-x86_64-mingw32/nios2-elf/lib\libsmallc.a(lib_a-__call_atexit.o)
